Подсистема.ЭлектронноеВзаимодействие.Справка Неразрешимые ссылки на объекты метаданных (6)
ОбщийМодуль.БлокиИнформационнойПанели.Модуль Не обнаружено ссылок на функцию: "ПредставлениеАктуальныхЗадач"
ОбщийМодуль.БухгалтерскиеОтчетыВызовСервера.Модуль Не обнаружено ссылок на функцию: "НачалоПериодаОтчета"
ОбщийМодуль.МенеджерОборудованияВызовСервера.Модуль Возможно ошибочное свойство: "ШаблоныМагнитныхКарт"
ОбщийМодуль.МенеджерОборудованияВызовСервера.Модуль Возможно ошибочное свойство: "ПризнакиСпособаРасчета"
ОбщийМодуль.МенеджерОборудованияКлиентСервер.Модуль Возможно ошибочный параметр: "Перечисление.ПризнакиСпособаРасчета.ПередачаСПолнойОплатой"
ОбщийМодуль.МенеджерОборудованияКлиентСервер.Модуль Возможно ошибочный параметр: "Перечисление.ТипыСистемНалогообложенияККТ.УСНДоход"
ОбщийМодуль.МенеджерОборудованияКлиентСервер.Модуль Возможно ошибочный параметр: "Перечисление.ТипыСистемНалогообложенияККТ.УСНДоходРасход"
ОбщийМодуль.МенеджерОборудованияКлиентСервер.Модуль Возможно ошибочный параметр: "Перечисление.ТипыСистемНалогообложенияККТ.ЕНВД"
ОбщийМодуль.МенеджерОборудованияКлиентСервер.Модуль Возможно ошибочный параметр: "Перечисление.ТипыСистемНалогообложенияККТ.ЕСН"
ОбщийМодуль.МенеджерОборудованияКлиентСервер.Модуль Возможно ошибочный параметр: "Перечисление.ТипыСистемНалогообложенияККТ.Патент"
ОбщийМодуль.МенеджерОборудованияКлиентСервер.Модуль Возможно ошибочный параметр: "Перечисление.ТипыСистемНалогообложенияККТ.УСНДоход"
ОбщийМодуль.МенеджерОборудованияКлиентСервер.Модуль Возможно ошибочный параметр: "Перечисление.ТипыСистемНалогообложенияККТ.УСНДоходРасход"
ОбщийМодуль.МенеджерОборудованияКлиентСервер.Модуль Возможно ошибочный параметр: "Перечисление.ТипыСистемНалогообложенияККТ.ЕНВД"
ОбщийМодуль.МенеджерОборудованияКлиентСервер.Модуль Возможно ошибочный параметр: "Перечисление.ТипыСистемНалогообложенияККТ.ЕСН"
ОбщийМодуль.МенеджерОборудованияКлиентСервер.Модуль Возможно ошибочный параметр: "Перечисление.ТипыСистемНалогообложенияККТ.Патент"
ОбщийМодуль.МенеджерОборудованияКлиентСервер.Модуль Возможно ошибочный параметр: "Перечисление.ТипыСистемНалогообложенияККТ.ОСН"
ОбщийМодуль.МенеджерОборудованияКлиентСервер.Модуль Возможно ошибочный параметр: "Перечисление.ПризнакиАгента.БанковскийПлатежныйАгент"
ОбщийМодуль.МенеджерОборудованияКлиентСервер.Модуль Возможно ошибочный параметр: "Перечисление.ПризнакиАгента.БанковскийПлатежныйСубагент"
ОбщийМодуль.МенеджерОборудованияКлиентСервер.Модуль Возможно ошибочный параметр: "Перечисление.ПризнакиАгента.ПлатежныйАгент"
ОбщийМодуль.МенеджерОборудованияКлиентСервер.Модуль Возможно ошибочный параметр: "Перечисление.ПризнакиАгента.ПлатежныйСубагент"
ОбщийМодуль.МенеджерОборудованияКлиентСервер.Модуль Возможно ошибочный параметр: "Перечисление.ПризнакиАгента.Поверенный"
ОбщийМодуль.МенеджерОборудованияКлиентСервер.Модуль Возможно ошибочный параметр: "Перечисление.ПризнакиАгента.Комиссионер"
ОбщийМодуль.МенеджерОборудованияКлиентСервер.Модуль Возможно ошибочный параметр: "Перечисление.ПризнакиАгента.Агент"
ОбщийМодуль.МенеджерОборудованияКлиентСервер.Модуль Возможно ошибочный параметр: "Перечисление.ПризнакиСпособаРасчета.ПредоплатаПолная"
ОбщийМодуль.МенеджерОборудованияКлиентСервер.Модуль Возможно ошибочный параметр: "Перечисление.ПризнакиСпособаРасчета.ПредоплатаЧастичная"
ОбщийМодуль.МенеджерОборудованияКлиентСервер.Модуль Возможно ошибочный параметр: "Перечисление.ПризнакиСпособаРасчета.Аванс"
ОбщийМодуль.МенеджерОборудованияКлиентСервер.Модуль Возможно ошибочный параметр: "Перечисление.ПризнакиСпособаРасчета.ПередачаСПолнойОплатой"
ОбщийМодуль.МенеджерОборудованияКлиентСервер.Модуль Возможно ошибочный параметр: "Перечисление.ПризнакиСпособаРасчета.ПередачаСЧастичнойОплатой"
ОбщийМодуль.МенеджерОборудованияКлиентСервер.Модуль Возможно ошибочный параметр: "Перечисление.ПризнакиСпособаРасчета.ПередачаБезОплаты"
ОбщийМодуль.МенеджерОборудованияКлиентСервер.Модуль Возможно ошибочный параметр: "Перечисление.ПризнакиСпособаРасчета.ОплатаКредита"
ОбщийМодуль.МенеджерОборудованияКлиентСервер.Модуль Возможно ошибочный параметр: "Перечисление.ПризнакиСпособаРасчета.ПредоплатаПолная"
ОбщийМодуль.МенеджерОборудованияКлиентСервер.Модуль Возможно ошибочный параметр: "Перечисление.ПризнакиСпособаРасчета.ПредоплатаЧастичная"
ОбщийМодуль.МенеджерОборудованияКлиентСервер.Модуль Возможно ошибочный параметр: "Перечисление.ПризнакиСпособаРасчета.Аванс"
ОбщийМодуль.МенеджерОборудованияКлиентСервер.Модуль Возможно ошибочный параметр: "Перечисление.ПризнакиСпособаРасчета.ПередачаСПолнойОплатой"
ОбщийМодуль.МенеджерОборудованияКлиентСервер.Модуль Возможно ошибочный параметр: "Перечисление.ПризнакиСпособаРасчета.ПередачаСЧастичнойОплатой"
ОбщийМодуль.МенеджерОборудованияКлиентСервер.Модуль Возможно ошибочный параметр: "Перечисление.ПризнакиСпособаРасчета.ПередачаБезОплаты"
ОбщийМодуль.МенеджерОборудованияКлиентСервер.Модуль Возможно ошибочный параметр: "Перечисление.ПризнакиСпособаРасчета.ОплатаКредита"
ОбщийМодуль.МенеджерОборудованияКлиентСервер.Модуль Возможно ошибочный параметр: "Перечисление.ПризнакиСпособаРасчета.ПредоплатаПолная"
ОбщийМодуль.МенеджерОборудованияКлиентСервер.Модуль Возможно ошибочный параметр: "Перечисление.ПризнакиСпособаРасчета.ПредоплатаЧастичная"
ОбщийМодуль.МенеджерОборудованияКлиентСервер.Модуль Возможно ошибочный параметр: "Перечисление.ПризнакиСпособаРасчета.Аванс"
ОбщийМодуль.МенеджерОборудованияКлиентСервер.Модуль Возможно ошибочный параметр: "Перечисление.ПризнакиСпособаРасчета.ПередачаСПолнойОплатой"
ОбщийМодуль.МенеджерОборудованияКлиентСервер.Модуль Возможно ошибочный параметр: "Перечисление.ПризнакиСпособаРасчета.ПередачаСЧастичнойОплатой"
ОбщийМодуль.МенеджерОборудованияКлиентСервер.Модуль Возможно ошибочный параметр: "Перечисление.ПризнакиСпособаРасчета.ПередачаБезОплаты"
ОбщийМодуль.МенеджерОборудованияКлиентСервер.Модуль Возможно ошибочный параметр: "Перечисление.ПризнакиСпособаРасчета.ОплатаКредита"
ОбщийМодуль.МенеджерОборудованияКлиентСервер.Модуль Возможно ошибочный параметр: "Перечисление.ПризнакиПредметаРасчета.Товар"
ОбщийМодуль.МенеджерОборудованияКлиентСервер.Модуль Возможно ошибочный параметр: "Перечисление.ПризнакиПредметаРасчета.ПодакцизныйТовар"
ОбщийМодуль.МенеджерОборудованияКлиентСервер.Модуль Возможно ошибочный параметр: "Перечисление.ПризнакиПредметаРасчета.Работа"
ОбщийМодуль.МенеджерОборудованияКлиентСервер.Модуль Возможно ошибочный параметр: "Перечисление.ПризнакиПредметаРасчета.Услуга"
ОбщийМодуль.МенеджерОборудованияКлиентСервер.Модуль Возможно ошибочный параметр: "Перечисление.ПризнакиПредметаРасчета.СтавкаАзартнойИгры"
ОбщийМодуль.МенеджерОборудованияКлиентСервер.Модуль Возможно ошибочный параметр: "Перечисление.ПризнакиПредметаРасчета.ВыигрышАзартнойИгры"
ОбщийМодуль.МенеджерОборудованияКлиентСервер.Модуль Возможно ошибочный параметр: "Перечисление.ПризнакиПредметаРасчета.ЛотерейныйБилет"
ОбщийМодуль.МенеджерОборудованияКлиентСервер.Модуль Возможно ошибочный параметр: "Перечисление.ПризнакиПредметаРасчета.ВыигрышЛотереи"
ОбщийМодуль.МенеджерОборудованияКлиентСервер.Модуль Возможно ошибочный параметр: "Перечисление.ПризнакиПредметаРасчета.ПредоставлениеРИД"
ОбщийМодуль.МенеджерОборудованияКлиентСервер.Модуль Возможно ошибочный параметр: "Перечисление.ПризнакиПредметаРасчета.ПлатежВыплата"
ОбщийМодуль.МенеджерОборудованияКлиентСервер.Модуль Возможно ошибочный параметр: "Перечисление.ПризнакиПредметаРасчета.АгентскоеВознаграждение"
ОбщийМодуль.МенеджерОборудованияКлиентСервер.Модуль Возможно ошибочный параметр: "Перечисление.ПризнакиПредметаРасчета.СоставнойПредметРасчета"
ОбщийМодуль.МенеджерОборудованияКлиентСервер.Модуль Возможно ошибочный параметр: "Перечисление.ПричиныИзмененияСведенийККТ.ЗаменаФН"
ОбщийМодуль.МенеджерОборудованияКлиентСервер.Модуль Возможно ошибочный параметр: "Перечисление.ПричиныИзмененияСведенийККТ.ЗаменаОФД"
ОбщийМодуль.МенеджерОборудованияКлиентСервер.Модуль Возможно ошибочный параметр: "Перечисление.ПричиныИзмененияСведенийККТ.ИзменениеНаименованияПользователя"
ОбщийМодуль.МенеджерОборудованияКлиентСервер.Модуль Возможно ошибочный параметр: "Перечисление.ПричиныИзмененияСведенийККТ.ИзменениеАдреса"
ОбщийМодуль.МенеджерОборудованияКлиентСервер.Модуль Возможно ошибочный параметр: "Перечисление.ПричиныИзмененияСведенийККТ.ПереводВРежимПередачиДанных"
ОбщийМодуль.МенеджерОборудованияКлиентСервер.Модуль Возможно ошибочный параметр: "Перечисление.ПричиныИзмененияСведенийККТ.ПереводВАвтономныйРежим"
ОбщийМодуль.МенеджерОборудованияКлиентСервер.Модуль Возможно ошибочный параметр: "Перечисление.ПричиныИзмененияСведенийККТ.ИзменениеВерсии"
ОбщийМодуль.МенеджерОборудованияКлиентСервер.Модуль Возможно ошибочный параметр: "Перечисление.ПричиныИзмененияСведенийККТ.ИзменениеСистемНалогообложения"
ОбщийМодуль.МенеджерОборудованияКлиентСервер.Модуль Возможно ошибочный параметр: "Перечисление.ПричиныИзмененияСведенийККТ.ИзменениеНомераУстройства"
ОбщийМодуль.МенеджерОборудованияКлиентСервер.Модуль Возможно ошибочный параметр: "Перечисление.ПричиныИзмененияСведенийККТ.ПереводВНеавтоматическийРежим"
ОбщийМодуль.МенеджерОборудованияКлиентСервер.Модуль Возможно ошибочный параметр: "Перечисление.ПричиныИзмененияСведенийККТ.ПереводВАвтоматическийРежим"
ОбщийМодуль.МенеджерОборудованияКлиентСервер.Модуль Возможно ошибочный параметр: "Перечисление.ПричиныИзмененияСведенийККТ.ВключениеБСО"
ОбщийМодуль.МенеджерОборудованияКлиентСервер.Модуль Возможно ошибочный параметр: "Перечисление.ПричиныИзмененияСведенийККТ.ВыключениеБСО"
ОбщийМодуль.МенеджерОборудованияКлиентСервер.Модуль Возможно ошибочный параметр: "Перечисление.ПричиныИзмененияСведенийККТ.ВключениеРежимаРасчетовВИнтернет"
ОбщийМодуль.МенеджерОборудованияКлиентСервер.Модуль Возможно ошибочный параметр: "Перечисление.ПричиныИзмененияСведенийККТ.ВыключениеРежимаРасчетовВИнтернет"
ОбщийМодуль.МенеджерОборудованияКлиентСервер.Модуль Возможно ошибочный параметр: "Перечисление.ПричиныИзмененияСведенийККТ.ВключениеРежимаАгента"
ОбщийМодуль.МенеджерОборудованияКлиентСервер.Модуль Возможно ошибочный параметр: "Перечисление.ПричиныИзмененияСведенийККТ.ВыключениеРежимаАгента"
ОбщийМодуль.МенеджерОборудованияКлиентСервер.Модуль Возможно ошибочный параметр: "Перечисление.ПричиныИзмененияСведенийККТ.ВключениеРежимаАзартныхИгр"
ОбщийМодуль.МенеджерОборудованияКлиентСервер.Модуль Возможно ошибочный параметр: "Перечисление.ПричиныИзмененияСведенийККТ.ВыключениеРежимаАзартныхИгр"
ОбщийМодуль.МенеджерОборудованияКлиентСервер.Модуль Возможно ошибочный параметр: "Перечисление.ПричиныИзмененияСведенийККТ.ВключениеРежимаЛотереи"
ОбщийМодуль.МенеджерОборудованияКлиентСервер.Модуль Возможно ошибочный параметр: "Перечисление.ПричиныИзмененияСведенийККТ.ВыключениеРежимаЛотереи"
ОбщийМодуль.МенеджерОборудованияКлиентСервер.Модуль Возможно ошибочный параметр: "Перечисление.ПричиныИзмененияСведенийККТ.ИзменениеВерсииФФД"
ОбщийМодуль.МенеджерОборудованияКлиентСервер.Модуль Возможно ошибочный параметр: "Перечисление.ТипыСистемНалогообложенияККТ.ОСН"
ОбщийМодуль.МенеджерОборудованияКлиентСервер.Модуль Возможно ошибочный параметр: "Перечисление.ТипыСистемНалогообложенияККТ.ОСН"
ОбщийМодуль.МенеджерОборудованияКлиентСервер.Модуль Возможно ошибочный параметр: "Перечисление.СпособыФорматоЛогическогоКонтроля.НеКонтролировать"
ОбщийМодуль.МенеджерОборудованияКлиентСервер.Модуль Возможно ошибочный параметр: "Перечисление.СпособыФорматоЛогическогоКонтроля.ЗачитыватьСуммы"
ОбщийМодуль.МенеджерОборудованияКлиентСервер.Модуль Возможно ошибочный параметр: "Перечисление.СпособыФорматоЛогическогоКонтроля.НеКонтролировать"
ОбщийМодуль.НачалоРаботыСПрограммойПереопределяемый.Модуль Не обнаружено ссылок на процедуру: "ЗаполнитьРеквизитыТабличнойЧастиДляАдресаЭлектроннойПочты"
ОбщийМодуль.НачалоРаботыСПрограммойПереопределяемый.Модуль Не обнаружено ссылок на процедуру: "ЗаполнитьРеквизитыТабличнойЧастиДляВебСтраницы"
ОбщийМодуль.ОбменДаннымиКлиент.Модуль Пустой обработчик: "ВыбратьИСохранитьФайлНаКлиентеПослеПолученияФайлов"
ОбщийМодуль.ОбновлениеИнформационнойБазыБП.Модуль Не обнаружено ссылок на процедуру: "ДобавитьПользователя"
ОбщийМодуль.СтатусыДокументов.Модуль Не обнаружено ссылок на функцию: "АвтоматическиИзменяемыеСтатусыОплаты"
ОбщийМодуль.СтатусыДокументов.Модуль Не обнаружено ссылок на функцию: "НоваяТаблицаСтатусов"
ОбщийМодуль.ЭлектронноеВзаимодействиеСлужебный.Модуль Не обнаружено ссылок на функцию: "СтруктураОписанияЗамера"
ОбщаяФорма.ИнформационнаяПанель.Форма Неразрешимые ссылки на картинки (1)
ОбщаяФорма.ИнформационнаяПанель.Форма Пустой обработчик: "ЗадачиВсеЗадачиНажатие"
ОбщаяФорма.ИнформационнаяПанель.Справка Неразрешимые ссылки на картинки (1)
ОбщаяФорма.ФормаНастроекОтчета.Форма Не обнаружено ссылок на процедуру: "Подключаемый_ВыбратьПериод"
ОбщаяФорма.ФормаНастроекОтчета.Форма Не обнаружено ссылок на процедуру: "Подключаемый_ЗначениеКомпоновщика_НачалоВыбора"
ОбщаяФорма.ФормаНастроекОтчета.Форма Не обнаружено ссылок на процедуру: "Подключаемый_ИзменитьВидСравнения"
ОбщаяФорма.ФормаНастроекОтчета.Форма Не обнаружено ссылок на процедуру: "Подключаемый_ПолеВвода_ПриИзменении"
ОбщаяФорма.ФормаНастроекОтчета.Форма Не обнаружено ссылок на процедуру: "Подключаемый_СписокКомпоновщика_НачалоВыбора"
ОбщаяФорма.ФормаНастроекОтчета.Форма Не обнаружено ссылок на процедуру: "Подключаемый_СписокСПодбором_ВставитьИзБуфера"
ОбщаяФорма.ФормаНастроекОтчета.Форма Не обнаружено ссылок на процедуру: "Подключаемый_СписокСПодбором_Добавить"
ОбщаяФорма.ФормаНастроекОтчета.Форма Не обнаружено ссылок на процедуру: "Подключаемый_СписокСПодбором_Подбор"
ОбщаяФорма.ФормаНастроекОтчета.Форма Не обнаружено ссылок на процедуру: "Подключаемый_СтандартныйПериод_КонецПериода_ПриИзменении"
ОбщаяФорма.ФормаНастроекОтчета.Форма Не обнаружено ссылок на процедуру: "Подключаемый_СтандартныйПериод_НачалоПериода_ПриИзменении"
ОбщаяФорма.ФормаНастроекОтчета.Форма Не обнаружено ссылок на процедуру: "Подключаемый_ФлажокЗначения_ПриИзменении"
ОбщаяФорма.ФормаНастроекОтчета.Форма Не обнаружено ссылок на процедуру: "Подключаемый_ФлажокИспользование_ПриИзменении"
ОбщаяФорма.ФормаОтчета.Форма Не обнаружено ссылок на процедуру: "Подключаемый_ВидСравнения_НачалоВыбора"
ОбщаяФорма.ФормаОтчета.Форма Не обнаружено ссылок на процедуру: "Подключаемый_ВыбратьПериод"
ОбщаяФорма.ФормаОтчета.Форма Не обнаружено ссылок на процедуру: "Подключаемый_ЗначениеКомпоновщика_НачалоВыбора"
ОбщаяФорма.ФормаОтчета.Форма Не обнаружено ссылок на процедуру: "Подключаемый_Команда"
ОбщаяФорма.ФормаОтчета.Форма Не обнаружено ссылок на процедуру: "Подключаемый_ПолеВвода_ПриИзменении"
ОбщаяФорма.ФормаОтчета.Форма Не обнаружено ссылок на процедуру: "Подключаемый_СписокКомпоновщика_НачалоВыбора"
ОбщаяФорма.ФормаОтчета.Форма Не обнаружено ссылок на процедуру: "Подключаемый_СтандартныйПериод_КонецПериода_ПриИзменении"
ОбщаяФорма.ФормаОтчета.Форма Не обнаружено ссылок на процедуру: "Подключаемый_СтандартныйПериод_НачалоПериода_ПриИзменении"
ОбщаяФорма.ФормаОтчета.Форма Не обнаружено ссылок на процедуру: "Подключаемый_ФлажокЗначения_ПриИзменении"
ОбщаяФорма.ФормаОтчета.Форма Не обнаружено ссылок на процедуру: "Подключаемый_ФлажокИспользование_ПриИзменении"
ОбщаяФорма.ФормаЦеныИВалюта.Форма Неразрешимые ссылки на объекты метаданных (9)
ОбщаяФорма.ФормаЦеныИВалюта.Справка Неразрешимые ссылки на объекты метаданных (2)
Справочник.Банки.Форма.ФормаЭлемента.Форма Не обнаружено ссылок на процедуру: "Подключаемый_ВыполнитьКоманду"
Справочник.Банки.Форма.ФормаЭлемента.Форма Не обнаружено ссылок на процедуру: "Подключаемый_ВыполнитьКомандуНаСервере"
Справочник.Банки.Форма.ФормаСписка.Форма Не обнаружено ссылок на процедуру: "Подключаемый_ВыполнитьКоманду"
Справочник.Банки.Форма.ФормаСписка.Форма Не обнаружено ссылок на процедуру: "Подключаемый_ВыполнитьКомандуНаСервере"
Справочник.БанковскиеСчета.Форма.ФормаЭлемента.Форма Не обнаружено ссылок на процедуру: "Подключаемый_ВыполнитьКоманду"
Справочник.БанковскиеСчета.Форма.ФормаЭлемента.Форма Не обнаружено ссылок на процедуру: "Подключаемый_ВыполнитьКомандуНаСервере"
Справочник.БанковскиеСчета.Форма.ФормаЭлемента.Форма Не обнаружено ссылок на процедуру: "Подключаемый_РазрешитьРедактированиеРеквизитовОбъекта"
Справочник.БанковскиеСчета.Форма.ФормаСписка.Форма Не обнаружено ссылок на процедуру: "Подключаемый_ВыполнитьКоманду"
Справочник.БанковскиеСчета.Форма.ФормаСписка.Форма Не обнаружено ссылок на процедуру: "Подключаемый_ВыполнитьКомандуНаСервере"
Справочник.ВидыКонтактнойИнформации.Форма.ФормаСписка.Форма Не обнаружено ссылок на процедуру: "Подключаемый_ВыполнитьКоманду"
Справочник.ВидыКонтактнойИнформации.Форма.ФормаСписка.Форма Не обнаружено ссылок на процедуру: "Подключаемый_ВыполнитьКомандуНаСервере"
Справочник.ВидыКонтактнойИнформации.Форма.ФормаЭлемента.Форма Не обнаружено ссылок на процедуру: "Подключаемый_РазрешитьРедактированиеРеквизитовОбъекта"
Справочник.ВидыПоставокНДС.Форма.ФормаЭлемента.Форма Не обнаружено ссылок на процедуру: "Подключаемый_РазрешитьРедактированиеРеквизитовОбъекта"
Справочник.ВнешниеПользователи.Форма.ФормаЭлемента.Форма Не обнаружено ссылок на процедуру: "Подключаемый_ПриИзмененииДополнительногоРеквизита"
Справочник.ВнешниеПользователи.Форма.ФормаЭлемента.Форма Не обнаружено ссылок на процедуру: "Подключаемый_СвойстваВыполнитьКоманду"
Справочник.ДоговорыКонтрагентов.Форма.ФормаЭлемента.Форма Не обнаружено ссылок на процедуру: "Подключаемый_РазрешитьРедактированиеРеквизитовОбъекта"
Справочник.ДоговорыКонтрагентов.Форма.ФормаСписка.Форма Не обнаружено ссылок на процедуру: "Подключаемый_ВыполнитьКоманду"
Справочник.ДоговорыКонтрагентов.Форма.ФормаСписка.Форма Не обнаружено ссылок на процедуру: "Подключаемый_ВыполнитьКомандуНаСервере"
Справочник.Кассы.Форма.ФормаЭлемента.Форма Не обнаружено ссылок на процедуру: "Подключаемый_РазрешитьРедактированиеРеквизитовОбъекта"
Справочник.Кассы.Форма.ФормаСписка.Форма Не обнаружено ссылок на процедуру: "Подключаемый_ВыполнитьКоманду"
Справочник.Кассы.Форма.ФормаСписка.Форма Не обнаружено ссылок на процедуру: "Подключаемый_ВыполнитьКомандуНаСервере"
Справочник.КатегорииСотрудников.Форма.ФормаЭлемента.Форма Не обнаружено ссылок на процедуру: "Подключаемый_РазрешитьРедактированиеРеквизитовОбъекта"
Справочник.КлассификаторТНВЭД.Форма.ФормаЭлемента.Форма Не обнаружено ссылок на процедуру: "Подключаемый_РазрешитьРедактированиеРеквизитовОбъекта"
Справочник.КодыПлатежей.Форма.ФормаЭлемента.Форма Не обнаружено ссылок на процедуру: "Подключаемый_РазрешитьРедактированиеРеквизитовОбъекта"
Справочник.Контрагенты.Форма.ФормаЭлемента.Форма Не обнаружено ссылок на процедуру: "Подключаемый_ВыполнитьКоманду"
Справочник.Контрагенты.Форма.ФормаЭлемента.Форма Не обнаружено ссылок на процедуру: "Подключаемый_ВыполнитьКомандуНаСервере"
Справочник.Контрагенты.Форма.ФормаЭлемента.Форма Не обнаружено ссылок на процедуру: "Подключаемый_КонтактнаяИнформацияВыполнитьКоманду"
Справочник.Контрагенты.Форма.ФормаЭлемента.Форма Не обнаружено ссылок на процедуру: "Подключаемый_КонтактнаяИнформацияНачалоВыбора"
Справочник.Контрагенты.Форма.ФормаЭлемента.Форма Не обнаружено ссылок на процедуру: "Подключаемый_КонтактнаяИнформацияОчистка"
Справочник.Контрагенты.Форма.ФормаЭлемента.Форма Не обнаружено ссылок на процедуру: "Подключаемый_КонтактнаяИнформацияПриИзменении"
Справочник.Контрагенты.Форма.ФормаЭлемента.Форма Не обнаружено ссылок на процедуру: "Подключаемый_КонтактнаяИнформацияПриНажатии"
Справочник.Контрагенты.Форма.ФормаЭлемента.Форма Не обнаружено ссылок на процедуру: "Подключаемый_ОбновитьКонтактнуюИнформацию"
Справочник.Контрагенты.Форма.ФормаЭлемента.Форма Не обнаружено ссылок на процедуру: "Подключаемый_ПриИзмененииДополнительногоРеквизита"
Справочник.Контрагенты.Форма.ФормаЭлемента.Форма Не обнаружено ссылок на процедуру: "Подключаемый_РазрешитьРедактированиеРеквизитовОбъекта"
Справочник.Контрагенты.Форма.ФормаЭлемента.Форма Не обнаружено ссылок на процедуру: "Подключаемый_СвойстваВыполнитьКоманду"
Справочник.Контрагенты.Форма.ФормаСписка.Форма Не обнаружено ссылок на процедуру: "Подключаемый_ВыполнитьКоманду"
Справочник.Контрагенты.Форма.ФормаСписка.Форма Не обнаружено ссылок на процедуру: "Подключаемый_ВыполнитьКомандуНаСервере"
Справочник.НастройкиРегламентированныхОтчетов.Форма.ФормаЭлемента.Форма Пустой обработчик: "НастройкиСтрокФормулаНачалоВыбора"
Справочник.Номенклатура.Форма.ФормаЭлемента.Форма Не обнаружено ссылок на процедуру: "Подключаемый_ПриИзмененииДополнительногоРеквизита"
Справочник.Номенклатура.Форма.ФормаЭлемента.Форма Не обнаружено ссылок на процедуру: "Подключаемый_РазрешитьРедактированиеРеквизитовОбъекта"
Справочник.Номенклатура.Форма.ФормаЭлемента.Форма Не обнаружено ссылок на процедуру: "Подключаемый_СвойстваВыполнитьКоманду"
Справочник.НоменклатурныеГруппы.Форма.ФормаЭлемента.Форма Не обнаружено ссылок на процедуру: "Подключаемый_ВыполнитьКоманду"
Справочник.НоменклатурныеГруппы.Форма.ФормаЭлемента.Форма Не обнаружено ссылок на процедуру: "Подключаемый_ВыполнитьКомандуНаСервере"
Справочник.НоменклатурныеГруппы.Форма.ФормаЭлемента.Форма Не обнаружено ссылок на процедуру: "Подключаемый_ПриИзмененииДополнительногоРеквизита"
Справочник.НоменклатурныеГруппы.Форма.ФормаЭлемента.Форма Не обнаружено ссылок на процедуру: "Подключаемый_СвойстваВыполнитьКоманду"
Справочник.НоменклатурныеГруппы.Форма.ФормаСписка.Форма Не обнаружено ссылок на процедуру: "Подключаемый_ВыполнитьКоманду"
Справочник.НоменклатурныеГруппы.Форма.ФормаСписка.Форма Не обнаружено ссылок на процедуру: "Подключаемый_ВыполнитьКомандуНаСервере"
Справочник.НоменклатурныеГруппы.Форма.ФормаВыбора.Форма Не обнаружено ссылок на процедуру: "Подключаемый_ВыполнитьКоманду"
Справочник.НоменклатурныеГруппы.Форма.ФормаВыбора.Форма Не обнаружено ссылок на процедуру: "Подключаемый_ВыполнитьКомандуНаСервере"
Справочник.Организации.Форма.ФормаЭлемента.Форма Не обнаружено ссылок на процедуру: "Подключаемый_ВыполнитьКоманду"
Справочник.Организации.Форма.ФормаЭлемента.Форма Не обнаружено ссылок на процедуру: "Подключаемый_ВыполнитьКомандуНаСервере"
Справочник.Организации.Форма.ФормаЭлемента.Форма Не обнаружено ссылок на процедуру: "Подключаемый_КонтактнаяИнформацияВыполнитьКоманду"
Справочник.Организации.Форма.ФормаЭлемента.Форма Не обнаружено ссылок на процедуру: "Подключаемый_КонтактнаяИнформацияНачалоВыбора"
Справочник.Организации.Форма.ФормаЭлемента.Форма Не обнаружено ссылок на процедуру: "Подключаемый_КонтактнаяИнформацияОчистка"
Справочник.Организации.Форма.ФормаЭлемента.Форма Не обнаружено ссылок на процедуру: "Подключаемый_КонтактнаяИнформацияПриИзменении"
Справочник.Организации.Форма.ФормаЭлемента.Форма Не обнаружено ссылок на процедуру: "Подключаемый_КонтактнаяИнформацияПриНажатии"
Справочник.Организации.Форма.ФормаЭлемента.Форма Не обнаружено ссылок на процедуру: "Подключаемый_ОбновитьКонтактнуюИнформацию"
Справочник.Организации.Форма.ФормаСписка.Форма Не обнаружено ссылок на процедуру: "Подключаемый_ВыполнитьКоманду"
Справочник.Организации.Форма.ФормаСписка.Форма Не обнаружено ссылок на процедуру: "Подключаемый_ВыполнитьКомандуНаСервере"
Справочник.ОсновныеСредства.Форма.ФормаЭлемента.Форма Не обнаружено ссылок на процедуру: "Подключаемый_ВыполнитьКоманду"
Справочник.ОсновныеСредства.Форма.ФормаЭлемента.Форма Не обнаружено ссылок на процедуру: "Подключаемый_ВыполнитьКомандуНаСервере"
Справочник.ОсновныеСредства.Форма.ФормаСписка.Форма Не обнаружено ссылок на процедуру: "Подключаемый_ВыполнитьКоманду"
Справочник.ОсновныеСредства.Форма.ФормаСписка.Форма Не обнаружено ссылок на процедуру: "Подключаемый_ВыполнитьКомандуНаСервере"
Справочник.ОсновныеСредства.Форма.ФормаГрупповогоСоздания.Форма Не обнаружено ссылок на процедуру: "ЗаполнитьПолеНаименованияКода"
Справочник.ПапкиФайлов.Форма.ФормаЭлемента.Форма Не обнаружено ссылок на процедуру: "Подключаемый_ПриИзмененииДополнительногоРеквизита"
Справочник.ПапкиФайлов.Форма.ФормаЭлемента.Форма Не обнаружено ссылок на процедуру: "Подключаемый_СвойстваВыполнитьКоманду"
Справочник.ПодключаемоеОборудование.МодульОбъекта Пустой обработчик: "ОбработкаЗаполнения"
Справочник.ПодразделенияОрганизаций.Форма.ФормаВыбора.Форма Неразрешимые ссылки на объекты метаданных (2)
Справочник.Пользователи.Форма.ФормаЭлемента.Форма Не обнаружено ссылок на процедуру: "Подключаемый_КонтактнаяИнформацияВыполнитьКоманду"
Справочник.Пользователи.Форма.ФормаЭлемента.Форма Не обнаружено ссылок на процедуру: "Подключаемый_КонтактнаяИнформацияНачалоВыбора"
Справочник.Пользователи.Форма.ФормаЭлемента.Форма Не обнаружено ссылок на процедуру: "Подключаемый_КонтактнаяИнформацияОчистка"
Справочник.Пользователи.Форма.ФормаЭлемента.Форма Не обнаружено ссылок на процедуру: "Подключаемый_КонтактнаяИнформацияПриИзменении"
Справочник.Пользователи.Форма.ФормаЭлемента.Форма Не обнаружено ссылок на процедуру: "Подключаемый_КонтактнаяИнформацияПриНажатии"
Справочник.Пользователи.Форма.ФормаЭлемента.Форма Не обнаружено ссылок на функцию: "Подключаемый_ОбновитьКонтактнуюИнформацию"
Справочник.Пользователи.Форма.ФормаЭлемента.Форма Не обнаружено ссылок на процедуру: "Подключаемый_ПриИзмененииДополнительногоРеквизита"
Справочник.Пользователи.Форма.ФормаЭлемента.Форма Не обнаружено ссылок на процедуру: "Подключаемый_СвойстваВыполнитьКоманду"
Справочник.ПравилаПроверкиУчета.Форма.ФормаЭлемента.Форма Не обнаружено ссылок на процедуру: "Подключаемый_ВыполнитьКоманду"
Справочник.ПравилаПроверкиУчета.Форма.ФормаЭлемента.Форма Не обнаружено ссылок на процедуру: "Подключаемый_ВыполнитьКомандуНаСервере"
Справочник.ПравилаПроверкиУчета.Форма.ФормаСписка.Форма Не обнаружено ссылок на процедуру: "Подключаемый_ВыполнитьКоманду"
Справочник.ПравилаПроверкиУчета.Форма.ФормаСписка.Форма Не обнаружено ссылок на процедуру: "Подключаемый_ВыполнитьКомандуНаСервере"
Справочник.СпецификацииНоменклатуры.Справка Неразрешимые ссылки на объекты метаданных (4)
Справочник.СпособыОтраженияРасходовПоАмортизации.Форма.ФормаЭлемента.Форма Не обнаружено ссылок на процедуру: "ПриЧтенииНаСервере"
Справочник.СтатьиЗатрат.Форма.ФормаЭлемента.Форма Не обнаружено ссылок на процедуру: "Подключаемый_ВыполнитьКоманду"
Справочник.СтатьиЗатрат.Форма.ФормаЭлемента.Форма Не обнаружено ссылок на процедуру: "Подключаемый_ВыполнитьКомандуНаСервере"
Справочник.СтатьиЗатрат.Форма.ФормаСписка.Форма Не обнаружено ссылок на процедуру: "Подключаемый_ВыполнитьКоманду"
Справочник.СтатьиЗатрат.Форма.ФормаСписка.Форма Не обнаружено ссылок на процедуру: "Подключаемый_ВыполнитьКомандуНаСервере"
Справочник.ТиповыеОперации.Справка Неразрешимые ссылки на объекты метаданных (1)
Справочник.ТиповыеОперации.Форма.ФормаЭлемента.Форма Не обнаружено ссылок на процедуру: "Подключаемый_ВыполнитьКоманду"
Справочник.ТиповыеОперации.Форма.ФормаЭлемента.Форма Не обнаружено ссылок на процедуру: "Подключаемый_ВыполнитьКомандуНаСервере"
Справочник.ТиповыеОперации.Форма.ФормаСписка.Форма Не обнаружено ссылок на процедуру: "Подключаемый_ВыполнитьКоманду"
Справочник.ТиповыеОперации.Форма.ФормаСписка.Форма Не обнаружено ссылок на процедуру: "Подключаемый_ВыполнитьКомандуНаСервере"
Справочник.ТиповыеОперации.Форма.ФормаВыбора.Форма Не обнаружено ссылок на процедуру: "Подключаемый_ВыполнитьКоманду"
Справочник.ТиповыеОперации.Форма.ФормаВыбора.Форма Не обнаружено ссылок на процедуру: "Подключаемый_ВыполнитьКомандуНаСервере"
Справочник.УчетныеЗаписиСинхронизацииФайлов.Форма.ФормаЭлемента.Форма Не обнаружено ссылок на процедуру: "Подключаемый_РазрешитьРедактированиеРеквизитовОбъекта"
Справочник.Файлы.Форма.ФормаЭлемента.Форма Не обнаружено ссылок на процедуру: "Подключаемый_ПриИзмененииДополнительногоРеквизита"
Справочник.Файлы.Форма.ФормаЭлемента.Форма Не обнаружено ссылок на процедуру: "Подключаемый_СвойстваВыполнитьКоманду"
Справочник.ФизическиеЛица.Форма.ФормаЭлемента.Форма Не обнаружено ссылок на процедуру: "Подключаемый_КонтактнаяИнформацияВыполнитьКоманду"
Справочник.ФизическиеЛица.Форма.ФормаЭлемента.Форма Не обнаружено ссылок на процедуру: "Подключаемый_КонтактнаяИнформацияНачалоВыбора"
Справочник.ФизическиеЛица.Форма.ФормаЭлемента.Форма Не обнаружено ссылок на процедуру: "Подключаемый_КонтактнаяИнформацияОчистка"
Справочник.ФизическиеЛица.Форма.ФормаЭлемента.Форма Не обнаружено ссылок на процедуру: "Подключаемый_КонтактнаяИнформацияПриИзменении"
Справочник.ФизическиеЛица.Форма.ФормаЭлемента.Форма Не обнаружено ссылок на процедуру: "Подключаемый_КонтактнаяИнформацияПриНажатии"
Справочник.ФизическиеЛица.Форма.ФормаЭлемента.Форма Не обнаружено ссылок на процедуру: "Подключаемый_ОбновитьКонтактнуюИнформацию"
Справочник.ФизическиеЛица.Форма.ФормаЭлемента.Форма Не обнаружено ссылок на процедуру: "Подключаемый_ПриИзмененииДополнительногоРеквизита"
Справочник.ФизическиеЛица.Форма.ФормаЭлемента.Форма Не обнаружено ссылок на процедуру: "Подключаемый_СвойстваВыполнитьКоманду"
Документ._ДемоПлатежныйДокумент.Форма.ФормаДокумента.Форма Не обнаружено ссылок на процедуру: "Подключаемый_ВыполнитьКоманду"
Документ._ДемоПлатежныйДокумент.Форма.ФормаДокумента.Форма Не обнаружено ссылок на процедуру: "Подключаемый_ВыполнитьКомандуНаСервере"
Документ._ДемоПлатежныйДокумент.Форма.ФормаДокумента.Форма Не обнаружено ссылок на процедуру: "Подключаемый_ВыполнитьКомандуЭДО"
Документ._ДемоПлатежныйДокумент.Форма.ФормаСписка.Форма Не обнаружено ссылок на процедуру: "Подключаемый_ВыполнитьКоманду"
Документ._ДемоПлатежныйДокумент.Форма.ФормаСписка.Форма Не обнаружено ссылок на процедуру: "Подключаемый_ВыполнитьКомандуНаСервере"
Документ._ДемоПлатежныйДокумент.Форма.ФормаСписка.Форма Не обнаружено ссылок на процедуру: "Подключаемый_ВыполнитьКомандуЭДО"
Документ.АвансовыйОтчет.Форма.ФормаДокумента.Форма Не обнаружено ссылок на процедуру: "Подключаемый_ВыполнитьКоманду"
Документ.АвансовыйОтчет.Форма.ФормаДокумента.Форма Не обнаружено ссылок на процедуру: "Подключаемый_ВыполнитьКомандуНаСервере"
Документ.АвансовыйОтчет.Форма.ФормаСписка.Форма Не обнаружено ссылок на процедуру: "Подключаемый_ВыполнитьКоманду"
Документ.АвансовыйОтчет.Форма.ФормаСписка.Форма Не обнаружено ссылок на процедуру: "Подключаемый_ВыполнитьКомандуНаСервере"
Документ.АвансовыйОтчет.Форма.ФормаСписка.Форма Не обнаружено ссылок на процедуру: "Подключаемый_МеткаОбработкаНавигационнойСсылки"
Документ.АктСверкиВзаиморасчетов.Форма.ФормаДокумента.Форма Не обнаружено ссылок на процедуру: "Подключаемый_ВыполнитьКоманду"
Документ.АктСверкиВзаиморасчетов.Форма.ФормаДокумента.Форма Не обнаружено ссылок на процедуру: "Подключаемый_ВыполнитьКомандуНаСервере"
Документ.АктСверкиВзаиморасчетов.Форма.ФормаСписка.Форма Не обнаружено ссылок на процедуру: "Подключаемый_ВыполнитьКоманду"
Документ.АктСверкиВзаиморасчетов.Форма.ФормаСписка.Форма Не обнаружено ссылок на процедуру: "Подключаемый_ВыполнитьКомандуНаСервере"
Документ.АктСверкиВзаиморасчетов.Форма.ФормаСписка.Форма Не обнаружено ссылок на процедуру: "Подключаемый_МеткаОбработкаНавигационнойСсылки"
Документ.БольничныйЛист.Форма.ФормаДокумента.Форма Не обнаружено ссылок на процедуру: "Подключаемый_ВыполнитьКоманду"
Документ.БольничныйЛист.Форма.ФормаДокумента.Форма Не обнаружено ссылок на процедуру: "Подключаемый_ВыполнитьКомандуНаСервере"
Документ.БольничныйЛист.Форма.ФормаСписка.Форма Не обнаружено ссылок на процедуру: "Подключаемый_ВыполнитьКоманду"
Документ.БольничныйЛист.Форма.ФормаСписка.Форма Не обнаружено ссылок на процедуру: "Подключаемый_ВыполнитьКомандуНаСервере"
Документ.БольничныйЛист.Форма.ФормаСписка.Форма Не обнаружено ссылок на процедуру: "Подключаемый_МеткаОбработкаНавигационнойСсылки"
Документ.ВводНачальныхОстатков.Форма.ФормаДокумента.Форма Не обнаружено ссылок на процедуру: "Подключаемый_ВыполнитьКоманду"
Документ.ВводНачальныхОстатков.Форма.ФормаДокумента.Форма Не обнаружено ссылок на процедуру: "Подключаемый_ВыполнитьКомандуНаСервере"
Документ.ВводНачальныхОстатков.Форма.ФормаСписка.Форма Не обнаружено ссылок на процедуру: "Подключаемый_ВыполнитьКоманду"
Документ.ВводНачальныхОстатков.Форма.ФормаСписка.Форма Не обнаружено ссылок на процедуру: "Подключаемый_ВыполнитьКомандуНаСервере"
Документ.ВводНачальныхОстатков.Форма.ФормаСписка.Форма Не обнаружено ссылок на процедуру: "Подключаемый_МеткаОбработкаНавигационнойСсылки"
Документ.ВедомостьЗаработнойПлаты.Форма.ФормаДокумента.Форма Не обнаружено ссылок на процедуру: "Подключаемый_ВыполнитьКоманду"
Документ.ВедомостьЗаработнойПлаты.Форма.ФормаДокумента.Форма Не обнаружено ссылок на процедуру: "Подключаемый_ВыполнитьКомандуНаСервере"
Документ.ВедомостьЗаработнойПлаты.Форма.ФормаСписка.Форма Неразрешимые ссылки на объекты метаданных (1)
Документ.ВедомостьЗаработнойПлаты.Форма.ФормаСписка.Форма Не обнаружено ссылок на процедуру: "Подключаемый_ВыполнитьКоманду"
Документ.ВедомостьЗаработнойПлаты.Форма.ФормаСписка.Форма Не обнаружено ссылок на процедуру: "Подключаемый_ВыполнитьКомандуНаСервере"
Документ.ВедомостьЗаработнойПлаты.Форма.ФормаСписка.Форма Не обнаружено ссылок на процедуру: "Подключаемый_МеткаОбработкаНавигационнойСсылки"
Документ.ВозвратТоваровОтПокупателя.Форма.ФормаДокумента.Форма Не обнаружено ссылок на процедуру: "Подключаемый_ВыполнитьКоманду"
Документ.ВозвратТоваровОтПокупателя.Форма.ФормаДокумента.Форма Не обнаружено ссылок на процедуру: "Подключаемый_ВыполнитьКомандуНаСервере"
Документ.ВозвратТоваровОтПокупателя.Форма.ФормаСписка.Форма Неразрешимые ссылки на объекты метаданных (1)
Документ.ВозвратТоваровОтПокупателя.Форма.ФормаСписка.Форма Не обнаружено ссылок на процедуру: "Подключаемый_ВыполнитьКоманду"
Документ.ВозвратТоваровОтПокупателя.Форма.ФормаСписка.Форма Не обнаружено ссылок на процедуру: "Подключаемый_ВыполнитьКомандуНаСервере"
Документ.ВозвратТоваровОтПокупателя.Форма.ФормаСписка.Форма Не обнаружено ссылок на процедуру: "Подключаемый_МеткаОбработкаНавигационнойСсылки"
Документ.ВозвратТоваровПоставщику.Форма.ФормаДокумента.Форма Не обнаружено ссылок на процедуру: "Подключаемый_ВыполнитьКоманду"
Документ.ВозвратТоваровПоставщику.Форма.ФормаДокумента.Форма Не обнаружено ссылок на процедуру: "Подключаемый_ВыполнитьКомандуНаСервере"
Документ.ВозвратТоваровПоставщику.Форма.ФормаСписка.Форма Не обнаружено ссылок на процедуру: "Подключаемый_ВыполнитьКоманду"
Документ.ВозвратТоваровПоставщику.Форма.ФормаСписка.Форма Не обнаружено ссылок на процедуру: "Подключаемый_ВыполнитьКомандуНаСервере"
Документ.ВозвратТоваровПоставщику.Форма.ФормаСписка.Форма Не обнаружено ссылок на процедуру: "Подключаемый_МеткаОбработкаНавигационнойСсылки"
Документ.ВыработкаОС.Форма.ФормаДокумента.Форма Неразрешимые ссылки на объекты метаданных (1)
Документ.ВыработкаОС.Форма.ФормаДокумента.Форма Не обнаружено ссылок на процедуру: "Подключаемый_ВыполнитьКоманду"
Документ.ВыработкаОС.Форма.ФормаДокумента.Форма Не обнаружено ссылок на процедуру: "Подключаемый_ВыполнитьКомандуНаСервере"
Документ.ВыработкаОС.Форма.ФормаСписка.Форма Не обнаружено ссылок на процедуру: "Подключаемый_ВыполнитьКоманду"
Документ.ВыработкаОС.Форма.ФормаСписка.Форма Не обнаружено ссылок на процедуру: "Подключаемый_ВыполнитьКомандуНаСервере"
Документ.ВыработкаОС.Форма.ФормаСписка.Форма Не обнаружено ссылок на процедуру: "Подключаемый_МеткаОбработкаНавигационнойСсылки"
Документ.ГТДПоИмпорту.Форма.ФормаДокумента.Форма Не обнаружено ссылок на процедуру: "Подключаемый_ВыполнитьКоманду"
Документ.ГТДПоИмпорту.Форма.ФормаДокумента.Форма Не обнаружено ссылок на процедуру: "Подключаемый_ВыполнитьКомандуНаСервере"
Документ.ГТДПоИмпорту.Форма.ФормаСписка.Форма Не обнаружено ссылок на процедуру: "Подключаемый_ВыполнитьКоманду"
Документ.ГТДПоИмпорту.Форма.ФормаСписка.Форма Не обнаружено ссылок на процедуру: "Подключаемый_ВыполнитьКомандуНаСервере"
Документ.ГТДПоИмпорту.Форма.ФормаСписка.Форма Не обнаружено ссылок на процедуру: "Подключаемый_МеткаОбработкаНавигационнойСсылки"
Документ.ДвижениеМБП.Форма.ФормаДокумента.Форма Не обнаружено ссылок на процедуру: "Подключаемый_ВыполнитьКоманду"
Документ.ДвижениеМБП.Форма.ФормаДокумента.Форма Не обнаружено ссылок на процедуру: "Подключаемый_ВыполнитьКомандуНаСервере"
Документ.ДвижениеМБП.Форма.ФормаСписка.Форма Не обнаружено ссылок на процедуру: "Подключаемый_ВыполнитьКоманду"
Документ.ДвижениеМБП.Форма.ФормаСписка.Форма Не обнаружено ссылок на процедуру: "Подключаемый_ВыполнитьКомандуНаСервере"
Документ.ДвижениеМБП.Форма.ФормаСписка.Форма Не обнаружено ссылок на процедуру: "Подключаемый_МеткаОбработкаНавигационнойСсылки"
Документ.Доверенность.Форма.ФормаДокумента.Форма Не обнаружено ссылок на процедуру: "Подключаемый_ВыполнитьКоманду"
Документ.Доверенность.Форма.ФормаДокумента.Форма Не обнаружено ссылок на процедуру: "Подключаемый_ВыполнитьКомандуНаСервере"
Документ.Доверенность.Форма.ФормаСписка.Форма Не обнаружено ссылок на процедуру: "Подключаемый_ВыполнитьКоманду"
Документ.Доверенность.Форма.ФормаСписка.Форма Не обнаружено ссылок на процедуру: "Подключаемый_ВыполнитьКомандуНаСервере"
Документ.Доверенность.Форма.ФормаСписка.Форма Не обнаружено ссылок на процедуру: "Подключаемый_МеткаОбработкаНавигационнойСсылки"
Документ.ДополнительныеРасходы.Форма.ФормаДокумента.Форма Неразрешимые ссылки на объекты метаданных (1)
Документ.ДополнительныеРасходы.Форма.ФормаДокумента.Форма Не обнаружено ссылок на процедуру: "Подключаемый_ВыполнитьКоманду"
Документ.ДополнительныеРасходы.Форма.ФормаДокумента.Форма Не обнаружено ссылок на процедуру: "Подключаемый_ВыполнитьКомандуНаСервере"
Документ.ДополнительныеРасходы.Форма.ФормаСписка.Форма Неразрешимые ссылки на объекты метаданных (1)
Документ.ДополнительныеРасходы.Форма.ФормаСписка.Форма Не обнаружено ссылок на процедуру: "Подключаемый_ВыполнитьКоманду"
Документ.ДополнительныеРасходы.Форма.ФормаСписка.Форма Не обнаружено ссылок на процедуру: "Подключаемый_ВыполнитьКомандуНаСервере"
Документ.ДополнительныеРасходы.Форма.ФормаСписка.Форма Не обнаружено ссылок на процедуру: "Подключаемый_МеткаОбработкаНавигационнойСсылки"
Документ.ЗаказНаПроизводство.Форма.ФормаДокумента.Форма Неразрешимые ссылки на объекты метаданных (1)
Документ.ЗаказНаПроизводство.Форма.ФормаДокумента.Форма Не обнаружено ссылок на процедуру: "Подключаемый_ВыполнитьКоманду"
Документ.ЗаказНаПроизводство.Форма.ФормаДокумента.Форма Не обнаружено ссылок на процедуру: "Подключаемый_ВыполнитьКомандуНаСервере"
Документ.ЗаказНаПроизводство.Форма.ФормаСписка.Форма Не обнаружено ссылок на процедуру: "Подключаемый_ВыполнитьКоманду"
Документ.ЗаказНаПроизводство.Форма.ФормаСписка.Форма Не обнаружено ссылок на процедуру: "Подключаемый_ВыполнитьКомандуНаСервере"
Документ.ЗаказНаПроизводство.Форма.ФормаСписка.Форма Не обнаружено ссылок на процедуру: "Подключаемый_МеткаОбработкаНавигационнойСсылки"
Документ.ЗакрытиеЗаказовНаПроизводство.Форма.ФормаДокумента.Форма Неразрешимые ссылки на объекты метаданных (1)
Документ.ЗакрытиеЗаказовНаПроизводство.Форма.ФормаДокумента.Форма Не обнаружено ссылок на процедуру: "Подключаемый_ВыполнитьКоманду"
Документ.ЗакрытиеЗаказовНаПроизводство.Форма.ФормаДокумента.Форма Не обнаружено ссылок на процедуру: "Подключаемый_ВыполнитьКомандуНаСервере"
Документ.ЗакрытиеЗаказовНаПроизводство.Форма.ФормаСписка.Форма Не обнаружено ссылок на процедуру: "Подключаемый_ВыполнитьКоманду"
Документ.ЗакрытиеЗаказовНаПроизводство.Форма.ФормаСписка.Форма Не обнаружено ссылок на процедуру: "Подключаемый_ВыполнитьКомандуНаСервере"
Документ.ЗакрытиеЗаказовНаПроизводство.Форма.ФормаСписка.Форма Не обнаружено ссылок на процедуру: "Подключаемый_МеткаОбработкаНавигационнойСсылки"
Документ.ЗакрытиеМесяца.МодульОбъекта Не обнаружено ссылок на процедуру: "РассчитатьАмортизациюОсновныхСредств1"
Документ.ЗакрытиеМесяца.Форма.ФормаДокумента.Форма Не обнаружено ссылок на процедуру: "Подключаемый_ВыполнитьКоманду"
Документ.ЗакрытиеМесяца.Форма.ФормаДокумента.Форма Не обнаружено ссылок на процедуру: "Подключаемый_ВыполнитьКомандуНаСервере"
Документ.ЗакрытиеМесяца.Форма.ФормаСписка.Форма Не обнаружено ссылок на процедуру: "Подключаемый_ВыполнитьКоманду"
Документ.ЗакрытиеМесяца.Форма.ФормаСписка.Форма Не обнаружено ссылок на процедуру: "Подключаемый_ВыполнитьКомандуНаСервере"
Документ.ЗакрытиеМесяца.Форма.ФормаСписка.Форма Не обнаружено ссылок на процедуру: "Подключаемый_МеткаОбработкаНавигационнойСсылки"
Документ.ЗакрытиеМесяцаЗП.Форма.ФормаДокумента.Форма Неразрешимые ссылки на объекты метаданных (1)
Документ.ЗакрытиеМесяцаЗП.Форма.ФормаДокумента.Форма Не обнаружено ссылок на процедуру: "Подключаемый_ВыполнитьКоманду"
Документ.ЗакрытиеМесяцаЗП.Форма.ФормаДокумента.Форма Не обнаружено ссылок на процедуру: "Подключаемый_ВыполнитьКомандуНаСервере"
Документ.ЗакрытиеМесяцаЗП.Форма.ФормаСписка.Форма Не обнаружено ссылок на процедуру: "Подключаемый_ВыполнитьКоманду"
Документ.ЗакрытиеМесяцаЗП.Форма.ФормаСписка.Форма Не обнаружено ссылок на процедуру: "Подключаемый_ВыполнитьКомандуНаСервере"
Документ.ЗакрытиеМесяцаЗП.Форма.ФормаСписка.Форма Не обнаружено ссылок на процедуру: "Подключаемый_МеткаОбработкаНавигационнойСсылки"
Документ.ЗаявлениеОВвозеТоваров.Форма.ФормаДокумента.Форма Не обнаружено ссылок на процедуру: "Подключаемый_ВыполнитьКоманду"
Документ.ЗаявлениеОВвозеТоваров.Форма.ФормаДокумента.Форма Не обнаружено ссылок на процедуру: "Подключаемый_ВыполнитьКомандуНаСервере"
Документ.ЗаявлениеОВвозеТоваров.Форма.ФормаСписка.Форма Не обнаружено ссылок на процедуру: "Подключаемый_ВыполнитьКоманду"
Документ.ЗаявлениеОВвозеТоваров.Форма.ФормаСписка.Форма Не обнаружено ссылок на процедуру: "Подключаемый_ВыполнитьКомандуНаСервере"
Документ.ЗаявлениеОВвозеТоваров.Форма.ФормаСписка.Форма Не обнаружено ссылок на процедуру: "Подключаемый_МеткаОбработкаНавигационнойСсылки"
Документ.ЗемельныйНалог.Форма.ФормаДокумента.Форма Не обнаружено ссылок на процедуру: "Подключаемый_ВыполнитьКоманду"
Документ.ЗемельныйНалог.Форма.ФормаДокумента.Форма Не обнаружено ссылок на процедуру: "Подключаемый_ВыполнитьКомандуНаСервере"
Документ.ЗемельныйНалог.Форма.ФормаСписка.Форма Не обнаружено ссылок на процедуру: "Подключаемый_ВыполнитьКоманду"
Документ.ЗемельныйНалог.Форма.ФормаСписка.Форма Не обнаружено ссылок на процедуру: "Подключаемый_ВыполнитьКомандуНаСервере"
Документ.ЗемельныйНалог.Форма.ФормаСписка.Форма Не обнаружено ссылок на процедуру: "Подключаемый_МеткаОбработкаНавигационнойСсылки"
Документ.ИнвентаризацияОС.Форма.ФормаДокумента.Форма Не обнаружено ссылок на процедуру: "Подключаемый_ВыполнитьКоманду"
Документ.ИнвентаризацияОС.Форма.ФормаДокумента.Форма Не обнаружено ссылок на процедуру: "Подключаемый_ВыполнитьКомандуНаСервере"
Документ.ИнвентаризацияОС.Форма.ФормаСписка.Форма Не обнаружено ссылок на процедуру: "Подключаемый_ВыполнитьКоманду"
Документ.ИнвентаризацияОС.Форма.ФормаСписка.Форма Не обнаружено ссылок на процедуру: "Подключаемый_ВыполнитьКомандуНаСервере"
Документ.ИнвентаризацияОС.Форма.ФормаСписка.Форма Не обнаружено ссылок на процедуру: "Подключаемый_МеткаОбработкаНавигационнойСсылки"
Документ.ИнвентаризацияТоваров.Форма.ФормаДокумента.Форма Не обнаружено ссылок на процедуру: "Подключаемый_ВыполнитьКоманду"
Документ.ИнвентаризацияТоваров.Форма.ФормаДокумента.Форма Не обнаружено ссылок на процедуру: "Подключаемый_ВыполнитьКомандуНаСервере"
Документ.ИнвентаризацияТоваров.Форма.ФормаСписка.Форма Не обнаружено ссылок на процедуру: "Подключаемый_ВыполнитьКоманду"
Документ.ИнвентаризацияТоваров.Форма.ФормаСписка.Форма Не обнаружено ссылок на процедуру: "Подключаемый_ВыполнитьКомандуНаСервере"
Документ.ИнвентаризацияТоваров.Форма.ФормаСписка.Форма Не обнаружено ссылок на процедуру: "Подключаемый_МеткаОбработкаНавигационнойСсылки"
Документ.ИсполнительныйЛист.Форма.ФормаДокумента.Форма Не обнаружено ссылок на процедуру: "Подключаемый_ВыполнитьКоманду"
Документ.ИсполнительныйЛист.Форма.ФормаДокумента.Форма Не обнаружено ссылок на процедуру: "Подключаемый_ВыполнитьКомандуНаСервере"
Документ.ИсполнительныйЛист.Форма.ФормаСписка.Форма Не обнаружено ссылок на процедуру: "Подключаемый_ВыполнитьКоманду"
Документ.ИсполнительныйЛист.Форма.ФормаСписка.Форма Не обнаружено ссылок на процедуру: "Подключаемый_ВыполнитьКомандуНаСервере"
Документ.ИсполнительныйЛист.Форма.ФормаСписка.Форма Не обнаружено ссылок на процедуру: "Подключаемый_МеткаОбработкаНавигационнойСсылки"
Документ.КадровоеПеремещение.Форма.ФормаДокумента.Форма Не обнаружено ссылок на процедуру: "Подключаемый_ВыполнитьКоманду"
Документ.КадровоеПеремещение.Форма.ФормаДокумента.Форма Не обнаружено ссылок на процедуру: "Подключаемый_ВыполнитьКомандуНаСервере"
Документ.КадровоеПеремещение.Форма.ФормаСписка.Форма Не обнаружено ссылок на процедуру: "Подключаемый_МеткаОбработкаНавигационнойСсылки"
Документ.КассоваяСмена.Форма.ФормаСписка.Форма Не обнаружено ссылок на процедуру: "Подключаемый_ВыполнитьПереопределяемуюКоманду"
Документ.КассоваяСмена.Форма.ФормаДокумента.Форма Не обнаружено ссылок на процедуру: "Подключаемый_ВыполнитьПереопределяемуюКоманду"
Документ.Командировка.Форма.ФормаДокумента.Форма Не обнаружено ссылок на процедуру: "Подключаемый_ВыполнитьКоманду"
Документ.Командировка.Форма.ФормаДокумента.Форма Не обнаружено ссылок на процедуру: "Подключаемый_ВыполнитьКомандуНаСервере"
Документ.Командировка.Форма.ФормаСписка.Форма Не обнаружено ссылок на процедуру: "Подключаемый_ВыполнитьКоманду"
Документ.Командировка.Форма.ФормаСписка.Форма Не обнаружено ссылок на процедуру: "Подключаемый_ВыполнитьКомандуНаСервере"
Документ.Командировка.Форма.ФормаСписка.Форма Не обнаружено ссылок на процедуру: "Подключаемый_МеткаОбработкаНавигационнойСсылки"
Документ.Конвертация.Форма.ФормаДокумента.Форма Не обнаружено ссылок на процедуру: "Подключаемый_ВыполнитьКоманду"
Документ.Конвертация.Форма.ФормаДокумента.Форма Не обнаружено ссылок на процедуру: "Подключаемый_ВыполнитьКомандуНаСервере"
Документ.Конвертация.Форма.ФормаСписка.Форма Не обнаружено ссылок на процедуру: "Подключаемый_ВыполнитьКоманду"
Документ.Конвертация.Форма.ФормаСписка.Форма Не обнаружено ссылок на процедуру: "Подключаемый_ВыполнитьКомандуНаСервере"
Документ.Конвертация.Форма.ФормаСписка.Форма Не обнаружено ссылок на процедуру: "Подключаемый_МеткаОбработкаНавигационнойСсылки"
Документ.КорректировкаНУ.Форма.ФормаДокумента.Форма Неразрешимые ссылки на объекты метаданных (1)
Документ.КорректировкаНУ.Форма.ФормаДокумента.Форма Не обнаружено ссылок на процедуру: "Подключаемый_ВыполнитьКоманду"
Документ.КорректировкаНУ.Форма.ФормаДокумента.Форма Не обнаружено ссылок на процедуру: "Подключаемый_ВыполнитьКомандуНаСервере"
Документ.КорректировкаНУ.Форма.ФормаСписка.Форма Не обнаружено ссылок на процедуру: "Подключаемый_ВыполнитьКоманду"
Документ.КорректировкаНУ.Форма.ФормаСписка.Форма Не обнаружено ссылок на процедуру: "Подключаемый_ВыполнитьКомандуНаСервере"
Документ.КорректировкаНУ.Форма.ФормаСписка.Форма Не обнаружено ссылок на процедуру: "Подключаемый_МеткаОбработкаНавигационнойСсылки"
Документ.МодернизацияОС.Форма.ФормаДокумента.Форма Не обнаружено ссылок на процедуру: "Подключаемый_ВыполнитьКоманду"
Документ.МодернизацияОС.Форма.ФормаДокумента.Форма Не обнаружено ссылок на процедуру: "Подключаемый_ВыполнитьКомандуНаСервере"
Документ.МодернизацияОС.Форма.ФормаСписка.Форма Не обнаружено ссылок на процедуру: "Подключаемый_МеткаОбработкаНавигационнойСсылки"
Документ.НалогНаМусор.Форма.ФормаДокумента.Форма Не обнаружено ссылок на процедуру: "Подключаемый_ВыполнитьКоманду"
Документ.НалогНаМусор.Форма.ФормаДокумента.Форма Не обнаружено ссылок на процедуру: "Подключаемый_ВыполнитьКомандуНаСервере"
Документ.НалогНаМусор.Форма.ФормаСписка.Форма Не обнаружено ссылок на процедуру: "Подключаемый_ВыполнитьКоманду"
Документ.НалогНаМусор.Форма.ФормаСписка.Форма Не обнаружено ссылок на процедуру: "Подключаемый_ВыполнитьКомандуНаСервере"
Документ.НалогНаМусор.Форма.ФормаСписка.Форма Не обнаружено ссылок на процедуру: "Подключаемый_МеткаОбработкаНавигационнойСсылки"
Документ.НачислениеЗарплаты.Форма.ФормаДокумента.Форма Не обнаружено ссылок на процедуру: "Подключаемый_ВыполнитьКоманду"
Документ.НачислениеЗарплаты.Форма.ФормаДокумента.Форма Не обнаружено ссылок на процедуру: "Подключаемый_ВыполнитьКомандуНаСервере"
Документ.НачислениеЗарплаты.Форма.ФормаСписка.Форма Не обнаружено ссылок на процедуру: "Подключаемый_ВыполнитьКоманду"
Документ.НачислениеЗарплаты.Форма.ФормаСписка.Форма Не обнаружено ссылок на процедуру: "Подключаемый_ВыполнитьКомандуНаСервере"
Документ.НачислениеЗарплаты.Форма.ФормаСписка.Форма Не обнаружено ссылок на процедуру: "Подключаемый_МеткаОбработкаНавигационнойСсылки"
Документ.Неявка.Форма.ФормаДокумента.Форма Не обнаружено ссылок на процедуру: "Подключаемый_ВыполнитьКоманду"
Документ.Неявка.Форма.ФормаДокумента.Форма Не обнаружено ссылок на процедуру: "Подключаемый_ВыполнитьКомандуНаСервере"
Документ.Неявка.Форма.ФормаСписка.Форма Не обнаружено ссылок на процедуру: "Подключаемый_ВыполнитьКоманду"
Документ.Неявка.Форма.ФормаСписка.Форма Не обнаружено ссылок на процедуру: "Подключаемый_ВыполнитьКомандуНаСервере"
Документ.Неявка.Форма.ФормаСписка.Форма Не обнаружено ссылок на процедуру: "Подключаемый_МеткаОбработкаНавигационнойСсылки"
Документ.ОперацияБух.Форма.ФормаДокумента.Форма Не обнаружено ссылок на процедуру: "Подключаемый_ВыполнитьКоманду"
Документ.ОперацияБух.Форма.ФормаДокумента.Форма Не обнаружено ссылок на процедуру: "Подключаемый_ВыполнитьКомандуНаСервере"
Документ.ОперацияБух.Форма.ФормаСписка.Форма Не обнаружено ссылок на процедуру: "Подключаемый_ВыполнитьКоманду"
Документ.ОперацияБух.Форма.ФормаСписка.Форма Не обнаружено ссылок на процедуру: "Подключаемый_ВыполнитьКомандуНаСервере"
Документ.ОперацияБух.Форма.ФормаСписка.Форма Не обнаружено ссылок на процедуру: "Подключаемый_МеткаОбработкаНавигационнойСсылки"
Документ.ОперацияБух.Форма.ФормаВыбора.Форма Не обнаружено ссылок на процедуру: "Подключаемый_ВыполнитьКоманду"
Документ.ОперацияБух.Форма.ФормаВыбора.Форма Не обнаружено ссылок на процедуру: "Подключаемый_ВыполнитьКомандуНаСервере"
Документ.ОприходованиеТоваров.Форма.ФормаДокумента.Форма Не обнаружено ссылок на процедуру: "Подключаемый_ВыполнитьКоманду"
Документ.ОприходованиеТоваров.Форма.ФормаДокумента.Форма Не обнаружено ссылок на процедуру: "Подключаемый_ВыполнитьКомандуНаСервере"
Документ.ОприходованиеТоваров.Форма.ФормаДокумента.Форма Не обнаружено ссылок на процедуру: "ТоварыПередНачаломИзменения"
Документ.ОприходованиеТоваров.Форма.ФормаСписка.Форма Не обнаружено ссылок на процедуру: "Подключаемый_ВыполнитьКоманду"
Документ.ОприходованиеТоваров.Форма.ФормаСписка.Форма Не обнаружено ссылок на процедуру: "Подключаемый_ВыполнитьКомандуНаСервере"
Документ.ОприходованиеТоваров.Форма.ФормаСписка.Форма Не обнаружено ссылок на процедуру: "Подключаемый_МеткаОбработкаНавигационнойСсылки"
Документ.Отпуск.Форма.ФормаДокумента.Форма Не обнаружено ссылок на процедуру: "Подключаемый_ВыполнитьКоманду"
Документ.Отпуск.Форма.ФормаДокумента.Форма Не обнаружено ссылок на процедуру: "Подключаемый_ВыполнитьКомандуНаСервере"
Документ.Отпуск.Форма.ФормаСписка.Форма Не обнаружено ссылок на процедуру: "Подключаемый_ВыполнитьКоманду"
Документ.Отпуск.Форма.ФормаСписка.Форма Не обнаружено ссылок на процедуру: "Подключаемый_ВыполнитьКомандуНаСервере"
Документ.Отпуск.Форма.ФормаСписка.Форма Не обнаружено ссылок на процедуру: "Подключаемый_МеткаОбработкаНавигационнойСсылки"
Документ.ОтчетВзаимнойОТорговлеЕАЭС.Форма.ФормаДокумента.Форма Не обнаружено ссылок на процедуру: "Подключаемый_ВыполнитьКоманду"
Документ.ОтчетВзаимнойОТорговлеЕАЭС.Форма.ФормаДокумента.Форма Не обнаружено ссылок на процедуру: "Подключаемый_ВыполнитьКомандуНаСервере"
Документ.ОтчетВзаимнойОТорговлеЕАЭС.Форма.ФормаСписка.Форма Не обнаружено ссылок на процедуру: "Подключаемый_ВыполнитьКоманду"
Документ.ОтчетВзаимнойОТорговлеЕАЭС.Форма.ФормаСписка.Форма Не обнаружено ссылок на процедуру: "Подключаемый_ВыполнитьКомандуНаСервере"
Документ.ОтчетВзаимнойОТорговлеЕАЭС.Форма.ФормаСписка.Форма Не обнаружено ссылок на процедуру: "Подключаемый_МеткаОбработкаНавигационнойСсылки"
Документ.ОтчетПоБланкамСчетовФактур.МодульМенеджера Не обнаружено ссылок на процедуру: "ВыводОбластиДетали"
Документ.ОтчетПоБланкамСчетовФактур.Форма.ФормаДокумента.Форма Не обнаружено ссылок на процедуру: "Подключаемый_ВыполнитьКоманду"
Документ.ОтчетПоБланкамСчетовФактур.Форма.ФормаДокумента.Форма Не обнаружено ссылок на процедуру: "Подключаемый_ВыполнитьКомандуНаСервере"
Документ.ОтчетПоБланкамСчетовФактур.Форма.ФормаСписка.Форма Не обнаружено ссылок на процедуру: "Подключаемый_ВыполнитьКоманду"
Документ.ОтчетПоБланкамСчетовФактур.Форма.ФормаСписка.Форма Не обнаружено ссылок на процедуру: "Подключаемый_ВыполнитьКомандуНаСервере"
Документ.ОтчетПоБланкамСчетовФактур.Форма.ФормаСписка.Форма Не обнаружено ссылок на процедуру: "Подключаемый_МеткаОбработкаНавигационнойСсылки"
Документ.ОтчетПоЕдиномуНалогу.Форма.ФормаДокумента.Форма Не обнаружено ссылок на процедуру: "Подключаемый_ВыполнитьКоманду"
Документ.ОтчетПоЕдиномуНалогу.Форма.ФормаДокумента.Форма Не обнаружено ссылок на процедуру: "Подключаемый_ВыполнитьКомандуНаСервере"
Документ.ОтчетПоЕдиномуНалогу.Форма.ФормаДокумента.Форма Не обнаружено ссылок на функцию: "ПолучитьДанныеДатаПриИзменении"
Документ.ОтчетПоЕдиномуНалогу.Форма.ФормаСписка.Форма Не обнаружено ссылок на процедуру: "Подключаемый_ВыполнитьКоманду"
Документ.ОтчетПоЕдиномуНалогу.Форма.ФормаСписка.Форма Не обнаружено ссылок на процедуру: "Подключаемый_ВыполнитьКомандуНаСервере"
Документ.ОтчетПоЕдиномуНалогу.Форма.ФормаСписка.Форма Не обнаружено ссылок на процедуру: "Подключаемый_МеткаОбработкаНавигационнойСсылки"
Документ.ОтчетПоКосвеннымНалогам.Форма.ФормаДокумента.Форма Не обнаружено ссылок на процедуру: "ДатаПриИзменении"
Документ.ОтчетПоКосвеннымНалогам.Форма.ФормаДокумента.Форма Не обнаружено ссылок на процедуру: "Подключаемый_ВыполнитьКоманду"
Документ.ОтчетПоКосвеннымНалогам.Форма.ФормаДокумента.Форма Не обнаружено ссылок на процедуру: "Подключаемый_ВыполнитьКомандуНаСервере"
Документ.ОтчетПоКосвеннымНалогам.Форма.ФормаСписка.Форма Не обнаружено ссылок на процедуру: "Подключаемый_ВыполнитьКоманду"
Документ.ОтчетПоКосвеннымНалогам.Форма.ФормаСписка.Форма Не обнаружено ссылок на процедуру: "Подключаемый_ВыполнитьКомандуНаСервере"
Документ.ОтчетПоКосвеннымНалогам.Форма.ФормаСписка.Форма Не обнаружено ссылок на процедуру: "Подключаемый_МеткаОбработкаНавигационнойСсылки"
Документ.ОтчетПоНалогуНаИмущество.Форма.ФормаДокумента.Форма Не обнаружено ссылок на процедуру: "Подключаемый_ВыполнитьКоманду"
Документ.ОтчетПоНалогуНаИмущество.Форма.ФормаДокумента.Форма Не обнаружено ссылок на процедуру: "Подключаемый_ВыполнитьКомандуНаСервере"
Документ.ОтчетПоНалогуНаИмущество.Форма.ФормаСписка.Форма Не обнаружено ссылок на процедуру: "Подключаемый_ВыполнитьКоманду"
Документ.ОтчетПоНалогуНаИмущество.Форма.ФормаСписка.Форма Не обнаружено ссылок на процедуру: "Подключаемый_ВыполнитьКомандуНаСервере"
Документ.ОтчетПоНалогуНаИмущество.Форма.ФормаСписка.Форма Не обнаружено ссылок на процедуру: "Подключаемый_МеткаОбработкаНавигационнойСсылки"
Документ.ОтчетПоНалогуНаПрибыль.Форма.ФормаДокумента.Форма Не обнаружено ссылок на процедуру: "Подключаемый_ВыполнитьКоманду"
Документ.ОтчетПоНалогуНаПрибыль.Форма.ФормаДокумента.Форма Не обнаружено ссылок на процедуру: "Подключаемый_ВыполнитьКомандуНаСервере"
Документ.ОтчетПоНалогуНаПрибыль.Форма.ФормаСписка.Форма Не обнаружено ссылок на процедуру: "Подключаемый_ВыполнитьКоманду"
Документ.ОтчетПоНалогуНаПрибыль.Форма.ФормаСписка.Форма Не обнаружено ссылок на процедуру: "Подключаемый_ВыполнитьКомандуНаСервере"
Документ.ОтчетПоНалогуНаПрибыль.Форма.ФормаСписка.Форма Не обнаружено ссылок на процедуру: "Подключаемый_МеткаОбработкаНавигационнойСсылки"
Документ.ОтчетПоНДС.Форма.ФормаДокумента.Форма Не обнаружено ссылок на функцию: "ЗаписатьДокументОтменивПроведение"
Документ.ОтчетПоНДС.Форма.ФормаДокумента.Форма Не обнаружено ссылок на процедуру: "Подключаемый_ВыполнитьКоманду"
Документ.ОтчетПоНДС.Форма.ФормаДокумента.Форма Не обнаружено ссылок на процедуру: "Подключаемый_ВыполнитьКомандуНаСервере"
Документ.ОтчетПоНДС.Форма.ФормаСписка.Форма Не обнаружено ссылок на процедуру: "Подключаемый_ВыполнитьКоманду"
Документ.ОтчетПоНДС.Форма.ФормаСписка.Форма Не обнаружено ссылок на процедуру: "Подключаемый_ВыполнитьКомандуНаСервере"
Документ.ОтчетПоНДС.Форма.ФормаСписка.Форма Не обнаружено ссылок на процедуру: "Подключаемый_МеткаОбработкаНавигационнойСсылки"
Документ.ОтчетПоНСП.Форма.ФормаДокумента.Форма Не обнаружено ссылок на процедуру: "Подключаемый_ВыполнитьКоманду"
Документ.ОтчетПоНСП.Форма.ФормаДокумента.Форма Не обнаружено ссылок на процедуру: "Подключаемый_ВыполнитьКомандуНаСервере"
Документ.ОтчетПоНСП.Форма.ФормаСписка.Форма Не обнаружено ссылок на процедуру: "Подключаемый_ВыполнитьКоманду"
Документ.ОтчетПоНСП.Форма.ФормаСписка.Форма Не обнаружено ссылок на процедуру: "Подключаемый_ВыполнитьКомандуНаСервере"
Документ.ОтчетПоНСП.Форма.ФормаСписка.Форма Не обнаружено ссылок на процедуру: "Подключаемый_МеткаОбработкаНавигационнойСсылки"
Документ.ОтчетПоПроизводству.Форма.ФормаДокумента.Форма Неразрешимые ссылки на объекты метаданных (1)
Документ.ОтчетПоПроизводству.Форма.ФормаДокумента.Форма Не обнаружено ссылок на процедуру: "Подключаемый_ВыполнитьКоманду"
Документ.ОтчетПоПроизводству.Форма.ФормаДокумента.Форма Не обнаружено ссылок на процедуру: "Подключаемый_ВыполнитьКомандуНаСервере"
Документ.ОтчетПоПроизводству.Форма.ФормаСписка.Форма Не обнаружено ссылок на процедуру: "Подключаемый_ВыполнитьКоманду"
Документ.ОтчетПоПроизводству.Форма.ФормаСписка.Форма Не обнаружено ссылок на процедуру: "Подключаемый_ВыполнитьКомандуНаСервере"
Документ.ОтчетПоПроизводству.Форма.ФормаСписка.Форма Не обнаружено ссылок на процедуру: "Подключаемый_МеткаОбработкаНавигационнойСсылки"
Документ.ОтчетПоТруду.Форма.ФормаДокумента.Форма Не обнаружено ссылок на процедуру: "Подключаемый_ВыполнитьКоманду"
Документ.ОтчетПоТруду.Форма.ФормаДокумента.Форма Не обнаружено ссылок на процедуру: "Подключаемый_ВыполнитьКомандуНаСервере"
Документ.ОтчетПоТруду.Форма.ФормаСписка.Форма Не обнаружено ссылок на процедуру: "Подключаемый_ВыполнитьКоманду"
Документ.ОтчетПоТруду.Форма.ФормаСписка.Форма Не обнаружено ссылок на процедуру: "Подключаемый_ВыполнитьКомандуНаСервере"
Документ.ОтчетПоТруду.Форма.ФормаСписка.Форма Не обнаружено ссылок на процедуру: "Подключаемый_МеткаОбработкаНавигационнойСсылки"
Документ.ОтчетПроизводстваЗаСмену.Справка Неразрешимые ссылки на объекты метаданных (9)
Документ.ОтчетПроизводстваЗаСмену.Форма.ФормаДокумента.Форма Не обнаружено ссылок на процедуру: "Подключаемый_ВыполнитьКоманду"
Документ.ОтчетПроизводстваЗаСмену.Форма.ФормаДокумента.Форма Не обнаружено ссылок на процедуру: "Подключаемый_ВыполнитьКомандуНаСервере"
Документ.ОтчетПроизводстваЗаСмену.Форма.ФормаДокумента.Форма Не обнаружено ссылок на процедуру: "ПродукцияСуммаПриИзменении"
Документ.ОтчетПроизводстваЗаСмену.Форма.ФормаДокумента.Форма Не обнаружено ссылок на процедуру: "УслугиПередНачаломИзменения"
Документ.ОтчетПроизводстваЗаСмену.Форма.ФормаСписка.Форма Не обнаружено ссылок на процедуру: "Подключаемый_ВыполнитьКоманду"
Документ.ОтчетПроизводстваЗаСмену.Форма.ФормаСписка.Форма Не обнаружено ссылок на процедуру: "Подключаемый_ВыполнитьКомандуНаСервере"
Документ.ОтчетПроизводстваЗаСмену.Форма.ФормаСписка.Форма Не обнаружено ссылок на процедуру: "Подключаемый_МеткаОбработкаНавигационнойСсылки"
Документ.ОтчетыПоНалогамЗП.Форма.ФормаДокумента.Форма Не обнаружено ссылок на процедуру: "Подключаемый_ВыполнитьКоманду"
Документ.ОтчетыПоНалогамЗП.Форма.ФормаДокумента.Форма Не обнаружено ссылок на процедуру: "Подключаемый_ВыполнитьКомандуНаСервере"
Документ.ОтчетыПоНалогамЗП.Форма.ФормаСписка.Форма Не обнаружено ссылок на процедуру: "Подключаемый_ВыполнитьКоманду"
Документ.ОтчетыПоНалогамЗП.Форма.ФормаСписка.Форма Не обнаружено ссылок на процедуру: "Подключаемый_ВыполнитьКомандуНаСервере"
Документ.ОтчетыПоНалогамЗП.Форма.ФормаСписка.Форма Не обнаружено ссылок на процедуру: "Подключаемый_МеткаОбработкаНавигационнойСсылки"
Документ.ПеремещениеОС.Форма.ФормаДокумента.Форма Не обнаружено ссылок на процедуру: "Подключаемый_ВыполнитьКоманду"
Документ.ПеремещениеОС.Форма.ФормаДокумента.Форма Не обнаружено ссылок на процедуру: "Подключаемый_ВыполнитьКомандуНаСервере"
Документ.ПеремещениеОС.Форма.ФормаСписка.Форма Не обнаружено ссылок на процедуру: "Подключаемый_ВыполнитьКоманду"
Документ.ПеремещениеОС.Форма.ФормаСписка.Форма Не обнаружено ссылок на процедуру: "Подключаемый_ВыполнитьКомандуНаСервере"
Документ.ПеремещениеОС.Форма.ФормаСписка.Форма Не обнаружено ссылок на процедуру: "Подключаемый_МеткаОбработкаНавигационнойСсылки"
Документ.ПеремещениеТоваров.Форма.ФормаДокумента.Форма Не обнаружено ссылок на процедуру: "Подключаемый_ВыполнитьКоманду"
Документ.ПеремещениеТоваров.Форма.ФормаДокумента.Форма Не обнаружено ссылок на процедуру: "Подключаемый_ВыполнитьКомандуНаСервере"
Документ.ПеремещениеТоваров.Форма.ФормаСписка.Форма Не обнаружено ссылок на процедуру: "Подключаемый_ВыполнитьКоманду"
Документ.ПеремещениеТоваров.Форма.ФормаСписка.Форма Не обнаружено ссылок на процедуру: "Подключаемый_ВыполнитьКомандуНаСервере"
Документ.ПеремещениеТоваров.Форма.ФормаСписка.Форма Не обнаружено ссылок на процедуру: "Подключаемый_МеткаОбработкаНавигационнойСсылки"
Документ.ПлатежноеПоручениеВходящее.Форма.ФормаДокумента.Форма Неразрешимые ссылки на объекты метаданных (1)
Документ.ПлатежноеПоручениеВходящее.Форма.ФормаДокумента.Форма Неправильные пути к данным (3)
Документ.ПлатежноеПоручениеВходящее.Форма.ФормаДокумента.Форма Не обнаружено ссылок на процедуру: "Подключаемый_ВыполнитьКоманду"
Документ.ПлатежноеПоручениеВходящее.Форма.ФормаДокумента.Форма Не обнаружено ссылок на процедуру: "Подключаемый_ВыполнитьКомандуНаСервере"
Документ.ПлатежноеПоручениеВходящее.Форма.ФормаСписка.Форма Не обнаружено ссылок на процедуру: "Подключаемый_ВыполнитьКоманду"
Документ.ПлатежноеПоручениеВходящее.Форма.ФормаСписка.Форма Не обнаружено ссылок на процедуру: "Подключаемый_ВыполнитьКомандуНаСервере"
Документ.ПлатежноеПоручениеВходящее.Форма.ФормаСписка.Форма Не обнаружено ссылок на процедуру: "Подключаемый_МеткаОбработкаНавигационнойСсылки"
Документ.ПлатежноеПоручениеИсходящее.Форма.ФормаДокумента.Форма Неразрешимые ссылки на объекты метаданных (1)
Документ.ПлатежноеПоручениеИсходящее.Форма.ФормаДокумента.Форма Не обнаружено ссылок на процедуру: "Подключаемый_ВыполнитьКоманду"
Документ.ПлатежноеПоручениеИсходящее.Форма.ФормаДокумента.Форма Не обнаружено ссылок на процедуру: "Подключаемый_ВыполнитьКомандуНаСервере"
Документ.ПлатежноеПоручениеИсходящее.Форма.ФормаСписка.Форма Не обнаружено ссылок на процедуру: "Подключаемый_ВыполнитьКоманду"
Документ.ПлатежноеПоручениеИсходящее.Форма.ФормаСписка.Форма Не обнаружено ссылок на процедуру: "Подключаемый_ВыполнитьКомандуНаСервере"
Документ.ПлатежноеПоручениеИсходящее.Форма.ФормаСписка.Форма Не обнаружено ссылок на процедуру: "Подключаемый_МеткаОбработкаНавигационнойСсылки"
Документ.ПлатежныйОрдерСписаниеДС.Форма.ФормаДокумента.Форма Не обнаружено ссылок на процедуру: "Подключаемый_ВыполнитьКоманду"
Документ.ПлатежныйОрдерСписаниеДС.Форма.ФормаДокумента.Форма Не обнаружено ссылок на процедуру: "Подключаемый_ВыполнитьКомандуНаСервере"
Документ.ПлатежныйОрдерСписаниеДС.Форма.ФормаДокумента.Форма Не обнаружено ссылок на функцию: "ПолучитьКурсВалюты"
Документ.ПлатежныйОрдерСписаниеДС.Форма.ФормаСписка.Форма Не обнаружено ссылок на процедуру: "Подключаемый_ВыполнитьКоманду"
Документ.ПлатежныйОрдерСписаниеДС.Форма.ФормаСписка.Форма Не обнаружено ссылок на процедуру: "Подключаемый_ВыполнитьКомандуНаСервере"
Документ.ПлатежныйОрдерСписаниеДС.Форма.ФормаСписка.Форма Не обнаружено ссылок на процедуру: "Подключаемый_МеткаОбработкаНавигационнойСсылки"
Документ.ПоступлениеБланковСчетовФактур.Форма.ФормаДокумента.Форма Не обнаружено ссылок на процедуру: "Подключаемый_ВыполнитьКоманду"
Документ.ПоступлениеБланковСчетовФактур.Форма.ФормаДокумента.Форма Не обнаружено ссылок на процедуру: "Подключаемый_ВыполнитьКомандуНаСервере"
Документ.ПоступлениеБланковСчетовФактур.Форма.ФормаСписка.Форма Не обнаружено ссылок на процедуру: "Подключаемый_ВыполнитьКоманду"
Документ.ПоступлениеБланковСчетовФактур.Форма.ФормаСписка.Форма Не обнаружено ссылок на процедуру: "Подключаемый_ВыполнитьКомандуНаСервере"
Документ.ПоступлениеБланковСчетовФактур.Форма.ФормаСписка.Форма Не обнаружено ссылок на процедуру: "Подключаемый_МеткаОбработкаНавигационнойСсылки"
Документ.ПоступлениеТоваровУслуг.Форма.ФормаДокумента.Форма Неправильные пути к данным (1)
Документ.ПоступлениеТоваровУслуг.Форма.ФормаДокумента.Форма Не обнаружено ссылок на процедуру: "Подключаемый_ВыполнитьКоманду"
Документ.ПоступлениеТоваровУслуг.Форма.ФормаДокумента.Форма Не обнаружено ссылок на процедуру: "Подключаемый_ВыполнитьКомандуНаСервере"
Документ.ПоступлениеТоваровУслуг.Форма.ФормаСписка.Форма Не обнаружено ссылок на процедуру: "Подключаемый_ВыполнитьКоманду"
Документ.ПоступлениеТоваровУслуг.Форма.ФормаСписка.Форма Не обнаружено ссылок на процедуру: "Подключаемый_ВыполнитьКомандуНаСервере"
Документ.ПоступлениеТоваровУслуг.Форма.ФормаСписка.Форма Не обнаружено ссылок на процедуру: "Подключаемый_МеткаОбработкаНавигационнойСсылки"
Документ.ПриемНаРаботу.Форма.ФормаДокумента.Форма Не обнаружено ссылок на процедуру: "Подключаемый_ВыполнитьКоманду"
Документ.ПриемНаРаботу.Форма.ФормаДокумента.Форма Не обнаружено ссылок на процедуру: "Подключаемый_ВыполнитьКомандуНаСервере"
Документ.ПриемНаРаботу.Форма.ФормаСписка.Форма Не обнаружено ссылок на процедуру: "Подключаемый_ВыполнитьКоманду"
Документ.ПриемНаРаботу.Форма.ФормаСписка.Форма Не обнаружено ссылок на процедуру: "Подключаемый_ВыполнитьКомандуНаСервере"
Документ.ПриемНаРаботу.Форма.ФормаСписка.Форма Не обнаружено ссылок на процедуру: "Подключаемый_МеткаОбработкаНавигационнойСсылки"
Документ.ПринятиеКУчетуОС.Форма.ФормаДокумента.Форма Неразрешимые ссылки на объекты метаданных (1)
Документ.ПринятиеКУчетуОС.Форма.ФормаДокумента.Форма Неправильные пути к данным (1)
Документ.ПринятиеКУчетуОС.Форма.ФормаДокумента.Форма Не обнаружено ссылок на процедуру: "Подключаемый_ВыполнитьКоманду"
Документ.ПринятиеКУчетуОС.Форма.ФормаДокумента.Форма Не обнаружено ссылок на процедуру: "Подключаемый_ВыполнитьКомандуНаСервере"
Документ.ПринятиеКУчетуОС.Форма.ФормаСписка.Форма Не обнаружено ссылок на процедуру: "Подключаемый_ВыполнитьКоманду"
Документ.ПринятиеКУчетуОС.Форма.ФормаСписка.Форма Не обнаружено ссылок на процедуру: "Подключаемый_ВыполнитьКомандуНаСервере"
Документ.ПринятиеКУчетуОС.Форма.ФормаСписка.Форма Не обнаружено ссылок на процедуру: "Подключаемый_МеткаОбработкаНавигационнойСсылки"
Документ.ПриходныйКассовыйОрдер.Форма.ФормаДокумента.Форма Не обнаружено ссылок на процедуру: "Подключаемый_ВыполнитьКоманду"
Документ.ПриходныйКассовыйОрдер.Форма.ФормаДокумента.Форма Не обнаружено ссылок на процедуру: "Подключаемый_ВыполнитьКомандуНаСервере"
Документ.ПриходныйКассовыйОрдер.Форма.ФормаСписка.Форма Не обнаружено ссылок на процедуру: "Подключаемый_ВыполнитьКоманду"
Документ.ПриходныйКассовыйОрдер.Форма.ФормаСписка.Форма Не обнаружено ссылок на процедуру: "Подключаемый_ВыполнитьКомандуНаСервере"
Документ.ПриходныйКассовыйОрдер.Форма.ФормаСписка.Форма Не обнаружено ссылок на процедуру: "Подключаемый_МеткаОбработкаНавигационнойСсылки"
Документ.Профвзносы.Форма.ФормаДокумента.Форма Не обнаружено ссылок на процедуру: "Подключаемый_ВыполнитьКоманду"
Документ.Профвзносы.Форма.ФормаДокумента.Форма Не обнаружено ссылок на процедуру: "Подключаемый_ВыполнитьКомандуНаСервере"
Документ.Профвзносы.Форма.ФормаСписка.Форма Не обнаружено ссылок на процедуру: "Подключаемый_ВыполнитьКоманду"
Документ.Профвзносы.Форма.ФормаСписка.Форма Не обнаружено ссылок на процедуру: "Подключаемый_ВыполнитьКомандуНаСервере"
Документ.Профвзносы.Форма.ФормаСписка.Форма Не обнаружено ссылок на процедуру: "Подключаемый_МеткаОбработкаНавигационнойСсылки"
Документ.РаботаВВыходныеИПраздничныеДни.Форма.ФормаДокумента.Форма Не обнаружено ссылок на процедуру: "Подключаемый_ВыполнитьКоманду"
Документ.РаботаВВыходныеИПраздничныеДни.Форма.ФормаДокумента.Форма Не обнаружено ссылок на процедуру: "Подключаемый_ВыполнитьКомандуНаСервере"
Документ.РаботаВВыходныеИПраздничныеДни.Форма.ФормаСписка.Форма Не обнаружено ссылок на процедуру: "Подключаемый_ВыполнитьКоманду"
Документ.РаботаВВыходныеИПраздничныеДни.Форма.ФормаСписка.Форма Не обнаружено ссылок на процедуру: "Подключаемый_ВыполнитьКомандуНаСервере"
Документ.РаботаВВыходныеИПраздничныеДни.Форма.ФормаСписка.Форма Не обнаружено ссылок на процедуру: "Подключаемый_МеткаОбработкаНавигационнойСсылки"
Документ.РаботаСверхурочно.Форма.ФормаДокумента.Форма Не обнаружено ссылок на процедуру: "Подключаемый_ВыполнитьКоманду"
Документ.РаботаСверхурочно.Форма.ФормаДокумента.Форма Не обнаружено ссылок на процедуру: "Подключаемый_ВыполнитьКомандуНаСервере"
Документ.РаботаСверхурочно.Форма.ФормаСписка.Форма Не обнаружено ссылок на процедуру: "Подключаемый_ВыполнитьКоманду"
Документ.РаботаСверхурочно.Форма.ФормаСписка.Форма Не обнаружено ссылок на процедуру: "Подключаемый_ВыполнитьКомандуНаСервере"
Документ.РаботаСверхурочно.Форма.ФормаСписка.Форма Не обнаружено ссылок на процедуру: "Подключаемый_МеткаОбработкаНавигационнойСсылки"
Документ.РазовоеУдержание.Форма.ФормаДокумента.Форма Не обнаружено ссылок на процедуру: "Подключаемый_ВыполнитьКоманду"
Документ.РазовоеУдержание.Форма.ФормаДокумента.Форма Не обнаружено ссылок на процедуру: "Подключаемый_ВыполнитьКомандуНаСервере"
Документ.РазовоеУдержание.Форма.ФормаСписка.Форма Не обнаружено ссылок на процедуру: "Подключаемый_ВыполнитьКоманду"
Документ.РазовоеУдержание.Форма.ФормаСписка.Форма Не обнаружено ссылок на процедуру: "Подключаемый_ВыполнитьКомандуНаСервере"
Документ.РазовоеУдержание.Форма.ФормаСписка.Форма Не обнаружено ссылок на процедуру: "Подключаемый_МеткаОбработкаНавигационнойСсылки"
Документ.РасходныйКассовыйОрдер.Форма.ФормаДокумента.Форма Неразрешимые ссылки на объекты метаданных (1)
Документ.РасходныйКассовыйОрдер.Форма.ФормаДокумента.Форма Не обнаружено ссылок на процедуру: "Подключаемый_ВыполнитьКоманду"
Документ.РасходныйКассовыйОрдер.Форма.ФормаДокумента.Форма Не обнаружено ссылок на процедуру: "Подключаемый_ВыполнитьКомандуНаСервере"
Документ.РасходныйКассовыйОрдер.Форма.ФормаСписка.Форма Неразрешимые ссылки на объекты метаданных (1)
Документ.РасходныйКассовыйОрдер.Форма.ФормаСписка.Форма Не обнаружено ссылок на процедуру: "Подключаемый_ВыполнитьКоманду"
Документ.РасходныйКассовыйОрдер.Форма.ФормаСписка.Форма Не обнаружено ссылок на процедуру: "Подключаемый_ВыполнитьКомандуНаСервере"
Документ.РасходныйКассовыйОрдер.Форма.ФормаСписка.Форма Не обнаружено ссылок на процедуру: "Подключаемый_МеткаОбработкаНавигационнойСсылки"
Документ.РеализацияТоваровУслуг.Форма.ФормаДокумента.Форма Не обнаружено ссылок на процедуру: "Подключаемый_ВыполнитьКоманду"
Документ.РеализацияТоваровУслуг.Форма.ФормаДокумента.Форма Не обнаружено ссылок на процедуру: "Подключаемый_ВыполнитьКомандуНаСервере"
Документ.РеализацияТоваровУслуг.Форма.ФормаСписка.Форма Не обнаружено ссылок на процедуру: "Подключаемый_ВыполнитьКоманду"
Документ.РеализацияТоваровУслуг.Форма.ФормаСписка.Форма Не обнаружено ссылок на процедуру: "Подключаемый_ВыполнитьКомандуНаСервере"
Документ.РеализацияТоваровУслуг.Форма.ФормаСписка.Форма Не обнаружено ссылок на процедуру: "Подключаемый_МеткаОбработкаНавигационнойСсылки"
Документ.РегламентированныйОтчет.Форма.ФормаДокумента.Форма Не обнаружено ссылок на процедуру: "Подключаемый_ВыполнитьКоманду"
Документ.РегламентированныйОтчет.Форма.ФормаДокумента.Форма Не обнаружено ссылок на процедуру: "Подключаемый_ВыполнитьКомандуНаСервере"
Документ.РегламентированныйОтчет.Форма.ФормаСписка.Форма Не обнаружено ссылок на процедуру: "Подключаемый_ВыполнитьКоманду"
Документ.РегламентированныйОтчет.Форма.ФормаСписка.Форма Не обнаружено ссылок на процедуру: "Подключаемый_ВыполнитьКомандуНаСервере"
Документ.РегламентированныйОтчет.Форма.ФормаСписка.Форма Не обнаружено ссылок на процедуру: "Подключаемый_МеткаОбработкаНавигационнойСсылки"
Документ.СписаниеОС.Форма.ФормаДокумента.Форма Не обнаружено ссылок на процедуру: "Подключаемый_ВыполнитьКоманду"
Документ.СписаниеОС.Форма.ФормаДокумента.Форма Не обнаружено ссылок на процедуру: "Подключаемый_ВыполнитьКомандуНаСервере"
Документ.СписаниеОС.Форма.ФормаСписка.Форма Не обнаружено ссылок на процедуру: "Подключаемый_ВыполнитьКоманду"
Документ.СписаниеОС.Форма.ФормаСписка.Форма Не обнаружено ссылок на процедуру: "Подключаемый_ВыполнитьКомандуНаСервере"
Документ.СписаниеОС.Форма.ФормаСписка.Форма Не обнаружено ссылок на процедуру: "Подключаемый_МеткаОбработкаНавигационнойСсылки"
Документ.СписаниеТоваров.Форма.ФормаДокумента.Форма Не обнаружено ссылок на процедуру: "Подключаемый_ВыполнитьКоманду"
Документ.СписаниеТоваров.Форма.ФормаДокумента.Форма Не обнаружено ссылок на процедуру: "Подключаемый_ВыполнитьКомандуНаСервере"
Документ.СписаниеТоваров.Форма.ФормаСписка.Форма Не обнаружено ссылок на процедуру: "Подключаемый_ВыполнитьКоманду"
Документ.СписаниеТоваров.Форма.ФормаСписка.Форма Не обнаружено ссылок на процедуру: "Подключаемый_ВыполнитьКомандуНаСервере"
Документ.СписаниеТоваров.Форма.ФормаСписка.Форма Не обнаружено ссылок на процедуру: "Подключаемый_МеткаОбработкаНавигационнойСсылки"
Документ.СправкиДляПН.Форма.ФормаСписка.Форма Не обнаружено ссылок на процедуру: "Подключаемый_ВыполнитьКоманду"
Документ.СправкиДляПН.Форма.ФормаСписка.Форма Не обнаружено ссылок на процедуру: "Подключаемый_ВыполнитьКомандуНаСервере"
Документ.СправкиДляПН.Форма.ФормаСписка.Форма Не обнаружено ссылок на процедуру: "Подключаемый_МеткаОбработкаНавигационнойСсылки"
Документ.СчетНаОплатуПокупателю.Форма.ФормаДокумента.Форма Не обнаружено ссылок на процедуру: "Подключаемый_ВыполнитьКоманду"
Документ.СчетНаОплатуПокупателю.Форма.ФормаДокумента.Форма Не обнаружено ссылок на процедуру: "Подключаемый_ВыполнитьКомандуНаСервере"
Документ.СчетНаОплатуПокупателю.Форма.ФормаСписка.Форма Не обнаружено ссылок на процедуру: "Подключаемый_ВыполнитьКоманду"
Документ.СчетНаОплатуПокупателю.Форма.ФормаСписка.Форма Не обнаружено ссылок на процедуру: "Подключаемый_ВыполнитьКомандуНаСервере"
Документ.СчетНаОплатуПокупателю.Форма.ФормаСписка.Форма Не обнаружено ссылок на процедуру: "Подключаемый_МеткаОбработкаНавигационнойСсылки"
Документ.СчетНаОплатуПоставщика.Форма.ФормаДокумента.Форма Не обнаружено ссылок на процедуру: "Подключаемый_ВыполнитьКоманду"
Документ.СчетНаОплатуПоставщика.Форма.ФормаДокумента.Форма Не обнаружено ссылок на процедуру: "Подключаемый_ВыполнитьКомандуНаСервере"
Документ.СчетНаОплатуПоставщика.Форма.ФормаСписка.Форма Не обнаружено ссылок на процедуру: "Подключаемый_ВыполнитьКоманду"
Документ.СчетНаОплатуПоставщика.Форма.ФормаСписка.Форма Не обнаружено ссылок на процедуру: "Подключаемый_ВыполнитьКомандуНаСервере"
Документ.СчетНаОплатуПоставщика.Форма.ФормаСписка.Форма Не обнаружено ссылок на процедуру: "Подключаемый_МеткаОбработкаНавигационнойСсылки"
Документ.СчетФактураВыписанный.Форма.ФормаДокумента.Форма Неразрешимые ссылки на объекты метаданных (1)
Документ.СчетФактураВыписанный.Форма.ФормаДокумента.Форма Не обнаружено ссылок на процедуру: "Подключаемый_ВыполнитьКоманду"
Документ.СчетФактураВыписанный.Форма.ФормаДокумента.Форма Не обнаружено ссылок на процедуру: "Подключаемый_ВыполнитьКомандуНаСервере"
Документ.СчетФактураВыписанный.Форма.ФормаСписка.Форма Не обнаружено ссылок на процедуру: "Подключаемый_ВыполнитьКоманду"
Документ.СчетФактураВыписанный.Форма.ФормаСписка.Форма Не обнаружено ссылок на процедуру: "Подключаемый_ВыполнитьКомандуНаСервере"
Документ.СчетФактураВыписанный.Форма.ФормаСписка.Форма Не обнаружено ссылок на процедуру: "Подключаемый_МеткаОбработкаНавигационнойСсылки"
Документ.СчетФактураПолученный.Форма.ФормаДокумента.Форма Неразрешимые ссылки на объекты метаданных (1)
Документ.СчетФактураПолученный.Форма.ФормаДокумента.Форма Не обнаружено ссылок на процедуру: "Подключаемый_ВыполнитьКоманду"
Документ.СчетФактураПолученный.Форма.ФормаДокумента.Форма Не обнаружено ссылок на процедуру: "Подключаемый_ВыполнитьКомандуНаСервере"
Документ.СчетФактураПолученный.Форма.ФормаСписка.Форма Не обнаружено ссылок на процедуру: "Подключаемый_ВыполнитьКоманду"
Документ.СчетФактураПолученный.Форма.ФормаСписка.Форма Не обнаружено ссылок на процедуру: "Подключаемый_ВыполнитьКомандуНаСервере"
Документ.СчетФактураПолученный.Форма.ФормаСписка.Форма Не обнаружено ссылок на процедуру: "Подключаемый_МеткаОбработкаНавигационнойСсылки"
Документ.ТребованиеНакладная.Справка Неразрешимые ссылки на объекты метаданных (1)
Документ.ТребованиеНакладная.Форма.ФормаДокумента.Форма Не обнаружено ссылок на процедуру: "Подключаемый_ВыполнитьКоманду"
Документ.ТребованиеНакладная.Форма.ФормаДокумента.Форма Не обнаружено ссылок на процедуру: "Подключаемый_ВыполнитьКомандуНаСервере"
Документ.ТребованиеНакладная.Форма.ФормаСписка.Форма Не обнаружено ссылок на процедуру: "Подключаемый_ВыполнитьКоманду"
Документ.ТребованиеНакладная.Форма.ФормаСписка.Форма Не обнаружено ссылок на процедуру: "Подключаемый_ВыполнитьКомандуНаСервере"
Документ.ТребованиеНакладная.Форма.ФормаСписка.Форма Не обнаружено ссылок на процедуру: "Подключаемый_МеткаОбработкаНавигационнойСсылки"
Документ.ТрудовоеСоглашение.Форма.ФормаДокумента.Форма Не обнаружено ссылок на процедуру: "Подключаемый_ВыполнитьКоманду"
Документ.ТрудовоеСоглашение.Форма.ФормаДокумента.Форма Не обнаружено ссылок на процедуру: "Подключаемый_ВыполнитьКомандуНаСервере"
Документ.ТрудовоеСоглашение.Форма.ФормаСписка.Форма Не обнаружено ссылок на процедуру: "Подключаемый_ВыполнитьКоманду"
Документ.ТрудовоеСоглашение.Форма.ФормаСписка.Форма Не обнаружено ссылок на процедуру: "Подключаемый_ВыполнитьКомандуНаСервере"
Документ.ТрудовоеСоглашение.Форма.ФормаСписка.Форма Не обнаружено ссылок на процедуру: "Подключаемый_МеткаОбработкаНавигационнойСсылки"
Документ.УведомлениеОПолученииТоваров.Форма.ФормаДокумента.Форма Не обнаружено ссылок на процедуру: "Подключаемый_ВыполнитьКоманду"
Документ.УведомлениеОПолученииТоваров.Форма.ФормаДокумента.Форма Не обнаружено ссылок на процедуру: "Подключаемый_ВыполнитьКомандуНаСервере"
Документ.УведомлениеОПолученииТоваров.Форма.ФормаСписка.Форма Не обнаружено ссылок на процедуру: "Подключаемый_ВыполнитьКоманду"
Документ.УведомлениеОПолученииТоваров.Форма.ФормаСписка.Форма Не обнаружено ссылок на процедуру: "Подключаемый_ВыполнитьКомандуНаСервере"
Документ.УведомлениеОПолученииТоваров.Форма.ФормаСписка.Форма Не обнаружено ссылок на процедуру: "Подключаемый_МеткаОбработкаНавигационнойСсылки"
Документ.Увольнение.Форма.ФормаДокумента.Форма Не обнаружено ссылок на процедуру: "Подключаемый_ВыполнитьКоманду"
Документ.Увольнение.Форма.ФормаДокумента.Форма Не обнаружено ссылок на процедуру: "Подключаемый_ВыполнитьКомандуНаСервере"
Документ.Увольнение.Форма.ФормаСписка.Форма Не обнаружено ссылок на процедуру: "Подключаемый_ВыполнитьКоманду"
Документ.Увольнение.Форма.ФормаСписка.Форма Не обнаружено ссылок на процедуру: "Подключаемый_ВыполнитьКомандуНаСервере"
Документ.Увольнение.Форма.ФормаСписка.Форма Не обнаружено ссылок на процедуру: "Подключаемый_МеткаОбработкаНавигационнойСсылки"
Документ.УдержаниеЗаПериод.Форма.ФормаДокумента.Форма Не обнаружено ссылок на процедуру: "Подключаемый_ВыполнитьКоманду"
Документ.УдержаниеЗаПериод.Форма.ФормаДокумента.Форма Не обнаружено ссылок на процедуру: "Подключаемый_ВыполнитьКомандуНаСервере"
Документ.УдержаниеЗаПериод.Форма.ФормаСписка.Форма Не обнаружено ссылок на процедуру: "Подключаемый_ВыполнитьКоманду"
Документ.УдержаниеЗаПериод.Форма.ФормаСписка.Форма Не обнаружено ссылок на процедуру: "Подключаемый_ВыполнитьКомандуНаСервере"
Документ.УдержаниеЗаПериод.Форма.ФормаСписка.Форма Не обнаружено ссылок на процедуру: "Подключаемый_МеткаОбработкаНавигационнойСсылки"
Документ.УстановкаТарифовКомандировочных.Форма.ФормаДокумента.Форма Не обнаружено ссылок на процедуру: "Подключаемый_ВыполнитьКоманду"
Документ.УстановкаТарифовКомандировочных.Форма.ФормаДокумента.Форма Не обнаружено ссылок на процедуру: "Подключаемый_ВыполнитьКомандуНаСервере"
Документ.УстановкаТарифовКомандировочных.Форма.ФормаСписка.Форма Не обнаружено ссылок на процедуру: "Подключаемый_ВыполнитьКоманду"
Документ.УстановкаТарифовКомандировочных.Форма.ФормаСписка.Форма Не обнаружено ссылок на процедуру: "Подключаемый_ВыполнитьКомандуНаСервере"
Документ.УстановкаТарифовКомандировочных.Форма.ФормаСписка.Форма Не обнаружено ссылок на процедуру: "Подключаемый_МеткаОбработкаНавигационнойСсылки"
Документ.УстановкаЦенНоменклатуры.Форма.ФормаСписка.Форма Не обнаружено ссылок на процедуру: "Подключаемый_МеткаОбработкаНавигационнойСсылки"
ЖурналДокументов.ДокументыПоБанку.Форма.ФормаСписка.Форма Неразрешимые ссылки на объекты метаданных (1)
ЖурналДокументов.ДокументыПоКассе.Форма.ФормаСписка.Форма Неразрешимые ссылки на объекты метаданных (1)
ЖурналДокументов.ЖурналОпераций.Форма.ФормаСписка.Форма Неразрешимые ссылки на объекты метаданных (2)
ЖурналДокументов.ЖурналОпераций.Форма.ФормаСписка.Форма Не обнаружено ссылок на процедуру: "Подключаемый_ВыполнитьКоманду"
ЖурналДокументов.ЖурналОпераций.Форма.ФормаСписка.Форма Не обнаружено ссылок на процедуру: "Подключаемый_ВыполнитьКомандуНаСервере"
ЖурналДокументов.ПроизводственныеДокументы.Форма.ФормаСписка.Форма Не обнаружено ссылок на процедуру: "Подключаемый_ВыполнитьКоманду"
ЖурналДокументов.ПроизводственныеДокументы.Форма.ФормаСписка.Форма Не обнаружено ссылок на процедуру: "Подключаемый_ВыполнитьКомандуНаСервере"
ЖурналДокументов.ПроизводственныеДокументы.Форма.ФормаСписка.Форма Пустой обработчик: "СписокПередЗагрузкойПользовательскихНастроекНаСервере"
Отчет.АнализРасходовНаОплатуТруда.Форма.ФормаОтчета.Форма Неразрешимые ссылки на объекты метаданных (1)
Отчет.АнализСубконто.Форма.ФормаОтчета.Форма Не обнаружено ссылок на процедуру: "ЗаполнитьПризнакиУчета"
Отчет.АнализСчета.Справка Неразрешимые ссылки на объекты метаданных (1)
Отчет.ВаловаяПрибыль.Форма.ФормаОтчета.Форма Неразрешимые ссылки на объекты метаданных (1)
Отчет.ГлавнаяКнига.Форма.ФормаОтчета.Форма Неразрешимые ссылки на объекты метаданных (1)
Отчет.ДинамикаЗадолженностиПокупателей.Справка Неразрешимые ссылки на объекты метаданных (1)
Отчет.ДинамикаЗадолженностиПоставщикам.Справка Неразрешимые ссылки на объекты метаданных (2)
Отчет.КарточкаСчета.Справка Неразрешимые ссылки на объекты метаданных (1)
Отчет.КарточкаСчета.Форма.ФормаОтчета.Форма Не обнаружено ссылок на процедуру: "ПоказатьКонтекстныеНовости"
Отчет.КассоваяКнига.Справка Неразрешимые ссылки на объекты метаданных (2)
Отчет.ОборотноСальдоваяВедомость.Форма.ФормаОтчета.Форма Неразрешимые ссылки на объекты метаданных (1)
Отчет.ОборотноСальдоваяВедомость.Форма.ФормаОтчета.Форма Не обнаружено ссылок на процедуру: "ЗаполнитьСтрокуНастроек"
Отчет.ОборотыМеждуСубконто.Форма.ФормаОтчета.Форма Неразрешимые ссылки на объекты метаданных (1)
Отчет.ОстаткиДенежныхСредств.Форма.ФормаОтчета.Форма Неразрешимые ссылки на объекты метаданных (1)
Отчет.ОтчетПоПроводкам.Форма.ФормаОтчета.Форма Неразрешимые ссылки на объекты метаданных (1)
Отчет.РасчетныеЛистки.Форма.ФормаОтчета.Форма Неразрешимые ссылки на объекты метаданных (2)
Отчет.РасчетныеЛистки.Форма.ФормаОтчета.Форма Неразрешимые ссылки на типы (1)
Отчет.УниверсальныйОтчет.Форма.ФормаОтчета.Форма Не обнаружено ссылок на процедуру: "Подключаемый_Команда"
Отчет.ШахматнаяВедомость.Форма.ФормаОтчета.Форма Неразрешимые ссылки на объекты метаданных (1)
Отчет.ШтатноеРасписание.Справка Неразрешимые ссылки на объекты метаданных (1)
Обработка.ВыпискаБанка.Справка Неразрешимые ссылки на объекты метаданных (2)
Обработка.ВыполнениеОбменаДанными.Форма.Форма.Форма Не обнаружено ссылок на функцию: "Подключаемый_ВыгрузкаДанных_ОбработкаДлительнойОперации"
Обработка.ВыполнениеОбменаДанными.Форма.Форма.Форма Не обнаружено ссылок на функцию: "Подключаемый_ВыгрузкаДанных_ОбработкаДлительнойОперации_Окончание"
Обработка.ВыполнениеОбменаДанными.Форма.Форма.Форма Не обнаружено ссылок на функцию: "Подключаемый_ВыгрузкаДанных_ПриОткрытии"
Обработка.ВыполнениеОбменаДанными.Форма.Форма.Форма Не обнаружено ссылок на функцию: "Подключаемый_ЗавершениеОбмена_ОбработкаДлительнойОперации"
Обработка.ВыполнениеОбменаДанными.Форма.Форма.Форма Не обнаружено ссылок на функцию: "Подключаемый_ЗавершениеОбмена_ПриОткрытии"
Обработка.ВыполнениеОбменаДанными.Форма.Форма.Форма Не обнаружено ссылок на функцию: "Подключаемый_ЗагрузкаДанных_ОбработкаДлительнойОперации"
Обработка.ВыполнениеОбменаДанными.Форма.Форма.Форма Не обнаружено ссылок на функцию: "Подключаемый_ЗагрузкаДанных_ОбработкаДлительнойОперации_Окончание"
Обработка.ВыполнениеОбменаДанными.Форма.Форма.Форма Не обнаружено ссылок на функцию: "Подключаемый_ЗагрузкаДанных_ПриОткрытии"
Обработка.ВыполнениеОбменаДанными.Форма.Форма.Форма Не обнаружено ссылок на функцию: "Подключаемый_ЗапросПароляПользователя_ПриОткрытии"
Обработка.ВыполнениеОбменаДанными.Форма.Форма.Форма Не обнаружено ссылок на функцию: "Подключаемый_ЗапросПароляПользователя_ПриПереходеДалее"
Обработка.ВыполнениеОбменаДанными.Форма.Форма.Форма Не обнаружено ссылок на функцию: "Подключаемый_ОжиданиеПроверкиПодключения_ОбработкаДлительнойОперации"
Обработка.МониторЗУП.Форма.Форма.Форма Неразрешимые ссылки на объекты метаданных (1)
Обработка.ПанельАдминистрированияБСП.Форма.ИнтернетПоддержкаИСервисы.Справка Неразрешимые ссылки на объекты метаданных (6)
Обработка.ПанельАдминистрированияБСП.Форма.НастройкиПользователейИПрав.Справка Неразрешимые ссылки на объекты метаданных (2)
Обработка.ПанельАдминистрированияБСП.Форма.Обслуживание.Форма Не обнаружено ссылок на процедуру: "Подключаемый_ПроверитьСостояниеОблачногоАрхива"
Обработка.ПанельАдминистрированияБСП.Форма.Обслуживание.Справка Неразрешимые ссылки на объекты метаданных (4)
Обработка.ПанельАдминистрированияБСП.Форма.Органайзер.Справка Неразрешимые ссылки на объекты метаданных (11)
Обработка.ПанельАдминистрированияЭДО.Форма.ОбменЭлектроннымиДокументами.Справка Неразрешимые ссылки на объекты метаданных (1)
Обработка.ПодборНоменклатуры.Форма.КоличествоИЦена.Форма Неразрешимые ссылки на объекты метаданных (1)
Обработка.ПомощникИнтерактивногоОбменаДанными.Форма.Форма.Форма Не обнаружено ссылок на функцию: "Подключаемый_АнализДанных_ОбработкаДлительнойОперации"
Обработка.ПомощникИнтерактивногоОбменаДанными.Форма.Форма.Форма Не обнаружено ссылок на функцию: "Подключаемый_ВыгрузкаДанных_ПриОткрытии"
Обработка.ПомощникИнтерактивногоОбменаДанными.Форма.Форма.Форма Не обнаружено ссылок на функцию: "Подключаемый_ЗагрузкаДанных_ОбработкаДлительнойОперации"
Обработка.ПомощникИнтерактивногоОбменаДанными.Форма.Форма.Форма Не обнаружено ссылок на функцию: "Подключаемый_ЗагрузкаДанных_ПриОткрытии"
Обработка.ПомощникИнтерактивногоОбменаДанными.Форма.Форма.Форма Не обнаружено ссылок на функцию: "Подключаемый_СтраницаАнализДанных_ПриОткрытии"
Обработка.ПомощникИнтерактивногоОбменаДанными.Форма.Форма.Форма Не обнаружено ссылок на функцию: "Подключаемый_СтраницаВопросОСоставеВыгрузки_ПриОткрытии"
Обработка.ПомощникИнтерактивногоОбменаДанными.Форма.Форма.Форма Не обнаружено ссылок на функцию: "Подключаемый_СтраницаВопросОСоставеВыгрузки_ПриПереходеДалее"
Обработка.ПомощникИнтерактивногоОбменаДанными.Форма.Форма.Форма Не обнаружено ссылок на функцию: "Подключаемый_СтраницаИнформацииСтатистики_ПриОткрытии"
Обработка.ПомощникИнтерактивногоОбменаДанными.Форма.Форма.Форма Не обнаружено ссылок на функцию: "Подключаемый_СтраницаИнформацииСтатистики_ПриПереходеДалее"
Обработка.ПомощникИнтерактивногоОбменаДанными.Форма.Форма.Форма Не обнаружено ссылок на функцию: "Подключаемый_СтраницаНачала_ПриПереходеДалее"
Обработка.ПомощникИнтерактивногоОбменаДанными.Форма.Форма.Форма Не обнаружено ссылок на функцию: "Подключаемый_СтраницаОжиданияАнализаДанных_ОбработкаДлительнойОперации"
Обработка.ПомощникИнтерактивногоОбменаДанными.Форма.Форма.Форма Не обнаружено ссылок на функцию: "Подключаемый_СтраницаОжиданияАнализаДанных_ПриОткрытии"
Обработка.ПомощникИнтерактивногоОбменаДанными.Форма.Форма.Форма Не обнаружено ссылок на функцию: "Подключаемый_СтраницаОжиданияАнализаДанныхДлительнаяОперацияОкончание_ОбработкаДлительнойОперации"
Обработка.ПомощникИнтерактивногоОбменаДанными.Форма.Форма.Форма Не обнаружено ссылок на функцию: "Подключаемый_СтраницаОжиданияВыгрузкиДанных_ОбработкаДлительнойОперации"
Обработка.ПомощникИнтерактивногоОбменаДанными.Форма.Форма.Форма Не обнаружено ссылок на функцию: "Подключаемый_СтраницаОжиданияВыгрузкиДанныхДлительнаяОперацияОкончание_ОбработкаДлительнойОперации"
Обработка.ПомощникИнтерактивногоОбменаДанными.Форма.Форма.Форма Не обнаружено ссылок на функцию: "Подключаемый_СтраницаОжиданияПроверкиПодключения_ОбработкаДлительнойОперации"
Обработка.ПомощникИнтерактивногоОбменаДанными.Форма.Форма.Форма Не обнаружено ссылок на функцию: "Подключаемый_СтраницаОкончанияСопоставления_ПриОткрытии"
Обработка.ПомощникСозданияОбменаДанными.Форма.Форма.Форма Не обнаружено ссылок на функцию: "Подключаемый_СтраницаМастераВыборРежимаРаботыПомощника_ПриОткрытии"
Обработка.ПомощникСозданияОбменаДанными.Форма.Форма.Форма Не обнаружено ссылок на функцию: "Подключаемый_СтраницаМастераВыборРежимаРаботыПомощника_ПриПереходеДалее"
Обработка.ПомощникСозданияОбменаДанными.Форма.Форма.Форма Не обнаружено ссылок на функцию: "Подключаемый_СтраницаМастераЗаданиеПараметровТранспортаEMAIL_ПриОткрытии"
Обработка.ПомощникСозданияОбменаДанными.Форма.Форма.Форма Не обнаружено ссылок на функцию: "Подключаемый_СтраницаМастераЗаданиеПараметровТранспортаEMAIL_ПриПереходеДалее"
Обработка.ПомощникСозданияОбменаДанными.Форма.Форма.Форма Не обнаружено ссылок на функцию: "Подключаемый_СтраницаМастераЗаданиеПараметровТранспортаFILE_ПриОткрытии"
Обработка.ПомощникСозданияОбменаДанными.Форма.Форма.Форма Не обнаружено ссылок на функцию: "Подключаемый_СтраницаМастераЗаданиеПараметровТранспортаFILE_ПриПереходеДалее"
Обработка.ПомощникСозданияОбменаДанными.Форма.Форма.Форма Не обнаружено ссылок на функцию: "Подключаемый_СтраницаМастераЗаданиеПараметровТранспортаFTP_ПриОткрытии"
Обработка.ПомощникСозданияОбменаДанными.Форма.Форма.Форма Не обнаружено ссылок на функцию: "Подключаемый_СтраницаМастераЗаданиеПараметровТранспортаFTP_ПриПереходеДалее"
Обработка.ПомощникСозданияОбменаДанными.Форма.Форма.Форма Не обнаружено ссылок на функцию: "Подключаемый_СтраницаМастераИтогНастройкиОбмена_ПриОткрытии"
Обработка.ПомощникСозданияОбменаДанными.Форма.Форма.Форма Не обнаружено ссылок на функцию: "Подключаемый_СтраницаМастераИтогНастройкиОбмена_ПриОткрытии_ВнешнееСоединение"
Обработка.ПомощникСозданияОбменаДанными.Форма.Форма.Форма Не обнаружено ссылок на функцию: "Подключаемый_СтраницаМастераНастройкаПараметров_ПриОткрытии"
Обработка.ПомощникСозданияОбменаДанными.Форма.Форма.Форма Не обнаружено ссылок на функцию: "Подключаемый_СтраницаМастераНастройкаПараметров_ПриПереходеДалее"
Обработка.ПомощникСозданияОбменаДанными.Форма.Форма.Форма Не обнаружено ссылок на функцию: "Подключаемый_СтраницаМастераНастройкаПараметровВторогоЭтапаНастройки_ПриПереходеДалее"
Обработка.ПомощникСозданияОбменаДанными.Форма.Форма.Форма Не обнаружено ссылок на функцию: "Подключаемый_СтраницаМастераНастройкаПараметровДляВнешнегоСоединенияВторойБазы_ПриОткрытии"
Обработка.ПомощникСозданияОбменаДанными.Форма.Форма.Форма Не обнаружено ссылок на функцию: "Подключаемый_СтраницаМастераНастройкаПараметровДляВнешнегоСоединенияВторойБазы_ПриПереходеДалее"
Обработка.ПомощникСозданияОбменаДанными.Форма.Форма.Форма Не обнаружено ссылок на функцию: "Подключаемый_СтраницаМастераНастройкаПараметровДляВнешнегоСоединенияПервойБазы_ПриОткрытии"
Обработка.ПомощникСозданияОбменаДанными.Форма.Форма.Форма Не обнаружено ссылок на функцию: "Подключаемый_СтраницаМастераНастройкаПараметровДляВнешнегоСоединенияПервойБазы_ПриПереходеДалее"
Обработка.ПомощникСозданияОбменаДанными.Форма.Форма.Форма Не обнаружено ссылок на функцию: "Подключаемый_СтраницаМастераНастройкаПараметровОбменаДанными_ПриОткрытии"
Обработка.ПомощникСозданияОбменаДанными.Форма.Форма.Форма Не обнаружено ссылок на функцию: "Подключаемый_СтраницаМастераНастройкаПараметровОбменаДанными_ПриПереходеДалее"
Обработка.ПомощникСозданияОбменаДанными.Форма.Форма.Форма Не обнаружено ссылок на функцию: "Подключаемый_СтраницаМастераНастройкиОтраженияДокументовВУчете_ПриОткрытии"
Обработка.ПомощникСозданияОбменаДанными.Форма.Форма.Форма Не обнаружено ссылок на функцию: "Подключаемый_СтраницаМастераНастройкиОтраженияДокументовВУчете_ПриПереходеДалее"
Обработка.ПомощникСозданияОбменаДанными.Форма.Форма.Форма Не обнаружено ссылок на функцию: "Подключаемый_СтраницаМастераНачало_ПриПереходеДалее"
Обработка.ПомощникСозданияОбменаДанными.Форма.Форма.Форма Не обнаружено ссылок на функцию: "Подключаемый_СтраницаМастераНачалоНастройкиОбменаССервисом_ПриПереходеДалее"
Обработка.ПомощникСозданияОбменаДанными.Форма.Форма.Форма Не обнаружено ссылок на функцию: "Подключаемый_СтраницаМастераОжиданиеАнализаДанныхАвтоматическоеСопоставление_ОбработкаДлительнойОперации"
Обработка.ПомощникСозданияОбменаДанными.Форма.Форма.Форма Не обнаружено ссылок на функцию: "Подключаемый_СтраницаМастераОжиданиеАнализаДанныхПолучениеСообщения_ОбработкаДлительнойОперации"
Обработка.ПомощникСозданияОбменаДанными.Форма.Форма.Форма Не обнаружено ссылок на функцию: "Подключаемый_СтраницаМастераОжиданиеАнализаДанныхПолучениеСообщенияДлительнаяОперация_ОбработкаДлительнойОперации"
Обработка.ПомощникСозданияОбменаДанными.Форма.Форма.Форма Не обнаружено ссылок на функцию: "Подключаемый_СтраницаМастераОжиданиеАнализаДанныхПолучениеСообщенияДлительнаяОперацияОкончание_ОбработкаДлительнойОперации"
Обработка.ПомощникСозданияОбменаДанными.Форма.Форма.Форма Не обнаружено ссылок на функцию: "Подключаемый_СтраницаМастераОжиданиеАнализаДанныхСозданиеНастройкиОбмена_ОбработкаДлительнойОперации"
Обработка.ПомощникСозданияОбменаДанными.Форма.Форма.Форма Не обнаружено ссылок на функцию: "Подключаемый_СтраницаМастераОжиданиеАнализаДанныхСозданиеНастройкиОбменаДлительнаяОперация_ОбработкаДлительнойОперации"
Обработка.ПомощникСозданияОбменаДанными.Форма.Форма.Форма Не обнаружено ссылок на функцию: "Подключаемый_СтраницаМастераОжиданиеПроверкиПодключенияВнешнегоСоединения_ОбработкаДлительнойОперации"
Обработка.ПомощникСозданияОбменаДанными.Форма.Форма.Форма Не обнаружено ссылок на функцию: "Подключаемый_СтраницаМастераОжиданиеПроверкиПодключенияЧерезВебСервис_ОбработкаДлительнойОперации"
Обработка.ПомощникСозданияОбменаДанными.Форма.Форма.Форма Не обнаружено ссылок на функцию: "Подключаемый_СтраницаМастераОжиданиеСинхронизацииДанныхВыгрузка_ОбработкаДлительнойОперации"
Обработка.ПомощникСозданияОбменаДанными.Форма.Форма.Форма Не обнаружено ссылок на функцию: "Подключаемый_СтраницаМастераОжиданиеСинхронизацииДанныхВыгрузкаДлительнаяОперация_ОбработкаДлительнойОперации"
Обработка.ПомощникСозданияОбменаДанными.Форма.Форма.Форма Не обнаружено ссылок на функцию: "Подключаемый_СтраницаМастераОжиданиеСинхронизацииДанныхВыгрузкаДлительнаяОперацияОкончание_ОбработкаДлительнойОперации"
Обработка.ПомощникСозданияОбменаДанными.Форма.Форма.Форма Не обнаружено ссылок на функцию: "Подключаемый_СтраницаМастераОжиданиеСинхронизацииДанныхЗагрузка_ОбработкаДлительнойОперации"
Обработка.ПомощникСозданияОбменаДанными.Форма.Форма.Форма Не обнаружено ссылок на функцию: "Подключаемый_СтраницаМастераОжиданиеСинхронизацииДанныхЗагрузкаДанных_ОбработкаДлительнойОперации"
Обработка.ПомощникСозданияОбменаДанными.Форма.Форма.Форма Не обнаружено ссылок на функцию: "Подключаемый_СтраницаМастераОжиданиеСинхронизацииДанныхЗагрузкаДлительнаяОперация_ОбработкаДлительнойОперации"
Обработка.ПомощникСозданияОбменаДанными.Форма.Форма.Форма Не обнаружено ссылок на функцию: "Подключаемый_СтраницаМастераОжиданиеСинхронизацииДанныхЗагрузкаДлительнаяОперацияОкончание_ОбработкаДлительнойОперации"
Обработка.ПомощникСозданияОбменаДанными.Форма.Форма.Форма Не обнаружено ссылок на функцию: "Подключаемый_СтраницаМастераОжиданиеСинхронизацииСправочниковВыгрузка_ОбработкаДлительнойОперации"
Обработка.ПомощникСозданияОбменаДанными.Форма.Форма.Форма Не обнаружено ссылок на функцию: "Подключаемый_СтраницаМастераОжиданиеСинхронизацииСправочниковВыгрузкаДлительнаяОперация_ОбработкаДлительнойОперации"
Обработка.ПомощникСозданияОбменаДанными.Форма.Форма.Форма Не обнаружено ссылок на функцию: "Подключаемый_СтраницаМастераОжиданиеСинхронизацииСправочниковВыгрузкаДлительнаяОперацияОкончание_ОбработкаДлительнойОперации"
Обработка.ПомощникСозданияОбменаДанными.Форма.Форма.Форма Не обнаружено ссылок на функцию: "Подключаемый_СтраницаМастераОжиданиеСинхронизацииСправочниковЗагрузка_ОбработкаДлительнойОперации"
Обработка.ПомощникСозданияОбменаДанными.Форма.Форма.Форма Не обнаружено ссылок на функцию: "Подключаемый_СтраницаМастераОжиданиеСозданияНастройкиОбменаДанными_ОбработкаДлительнойОперации"
Обработка.ПомощникСозданияОбменаДанными.Форма.Форма.Форма Не обнаружено ссылок на функцию: "Подключаемый_СтраницаМастераОжиданиеСозданияНастройкиОбменаДаннымиЧерезВнешнееСоединение_ОбработкаДлительнойОперации"
Обработка.ПомощникСозданияОбменаДанными.Форма.Форма.Форма Не обнаружено ссылок на функцию: "Подключаемый_СтраницаМастераОжиданиеСохраненияНастроек_ОбработкаДлительнойОперации"
Обработка.ПомощникСозданияОбменаДанными.Форма.Форма.Форма Не обнаружено ссылок на функцию: "Подключаемый_СтраницаМастераОжиданиеСохраненияНастроекДлительнаяОперация_ОбработкаДлительнойОперации"
Обработка.ПомощникСозданияОбменаДанными.Форма.Форма.Форма Не обнаружено ссылок на функцию: "Подключаемый_СтраницаМастераПараметрыПолученияДанных_ПриПереходеДалее"
Обработка.ПомощникСозданияОбменаДанными.Форма.Форма.Форма Не обнаружено ссылок на функцию: "Подключаемый_СтраницаМастераСозданиеОбменаДаннымиУспешноЗавершено_ПриОткрытии"
Обработка.ПомощникСозданияОбменаДанными.Форма.Форма.Форма Не обнаружено ссылок на функцию: "Подключаемый_СтраницаМастераСопоставлениеДанных_ПриОткрытии"
Обработка.ПомощникСозданияОбменаДанными.Форма.Форма.Форма Не обнаружено ссылок на функцию: "Подключаемый_СтраницаМастераСопоставлениеДанных_ПриПереходеДалее"
Обработка.РаботаСФайлами.Форма.ПрисоединенныйФайл.Форма Не обнаружено ссылок на процедуру: "Подключаемый_ПриИзмененииДополнительногоРеквизита"
Обработка.РаботаСФайлами.Форма.ПрисоединенныйФайл.Форма Не обнаружено ссылок на процедуру: "Подключаемый_СвойстваВыполнитьКоманду"
Обработка.СопоставлениеОбъектовИнформационныхБаз.Форма.Форма.Форма Не обнаружено ссылок на функцию: "Подключаемый_ОжиданиеСопоставленияОбъектов_ОбработкаДлительнойОперации"
Обработка.СопоставлениеОбъектовИнформационныхБаз.Форма.Форма.Форма Не обнаружено ссылок на функцию: "Подключаемый_ОжиданиеСопоставленияОбъектовДлительнаяОперацияОкончание_ОбработкаДлительнойОперации"
Обработка.СопоставлениеОбъектовИнформационныхБаз.Форма.Форма.Форма Не обнаружено ссылок на функцию: "Подключаемый_ОшибкаСопоставленияОбъектов_ПриОткрытии"
Обработка.СопоставлениеОбъектовИнформационныхБаз.Форма.РезультатАвтоматическогоСопоставления.Форма Не обнаружено ссылок на функцию: "Подключаемый_ОжиданиеСопоставленияОбъектов_ОбработкаДлительнойОперации"
Обработка.СопоставлениеОбъектовИнформационныхБаз.Форма.РезультатАвтоматическогоСопоставления.Форма Не обнаружено ссылок на функцию: "Подключаемый_ОжиданиеСопоставленияОбъектовДлительнаяОперацияОкончание_ОбработкаДлительнойОперации"
Обработка.СопоставлениеОбъектовИнформационныхБаз.Форма.РезультатАвтоматическогоСопоставления.Форма Не обнаружено ссылок на функцию: "Подключаемый_ОшибкаСопоставленияОбъектов_ПриОткрытии"
Обработка.СопоставлениеОбъектовИнформационныхБаз.Форма.РезультатАвтоматическогоСопоставления.Форма Не обнаружено ссылок на функцию: "Подключаемый_ПустойРезультатСопоставленияОбъектовПустойРезультатСопоставленияОбъектов_ПриОткрытии"
Обработка.СопоставлениеОбъектовИнформационныхБаз.Форма.РезультатАвтоматическогоСопоставления.Форма Не обнаружено ссылок на функцию: "Подключаемый_СопоставлениеОбъектов_ПриОткрытии"
Обработка.УниверсальныйОбменДаннымиXML.Форма.УправляемаяФорма.Форма Пустой обработчик: "ОткрытьКаталогСФайлом"
РегистрСведений.МетодыРаспределенияКосвенныхРасходовОрганизаций.Справка Неразрешимые ссылки на объекты метаданных (1)
РегистрСведений.ШтатноеРасписание.Справка Неразрешимые ссылки на объекты метаданных (2)
ПланВидовХарактеристик.ДополнительныеРеквизитыИСведения.Форма.ФормаЭлемента.Форма Не обнаружено ссылок на процедуру: "Подключаемый_РазрешитьРедактированиеРеквизитовОбъекта"
ПланСчетов.Хозрасчетный.Форма.ФормаСчета.Форма Не обнаружено ссылок на процедуру: "Подключаемый_РазрешитьРедактированиеРеквизитовОбъекта"
